<html>
<body>
<pre>
<h1>µVision Build Log</h1>
<h2>Tool Versions:</h2>
IDE-Version: µVision V5.36.0.0
Copyright (C) 2021 ARM Ltd and ARM Germany GmbH. All rights reserved.
License Information: Nathan Niu, UCSB, LIC=----
 
Tool Versions:
Toolchain:       MDK-Lite  Version: 5.36.0.0
Toolchain Path:  G:\Keil_v5\ARM\ARMCC\Bin
C Compiler:      Armcc.exe V5.06 update 7 (build 960)
Assembler:       Armasm.exe V5.06 update 7 (build 960)
Linker/Locator:  ArmLink.exe V5.06 update 7 (build 960)
Library Manager: ArmAr.exe V5.06 update 7 (build 960)
Hex Converter:   FromElf.exe V5.06 update 7 (build 960)
CPU DLL:         SARMCM3.DLL V5.36.0.0
Dialog DLL:      DCM.DLL V1.17.3.0
Target DLL:      STLink\ST-LINKIII-KEIL_SWO.dll V3.0.9.0
Dialog DLL:      TCM.DLL V1.53.0.0
 
<h2>Project:</h2>
I:\Final Project\SpaceInvaders.uvprojx
Project File Date:  03/16/2022

<h2>Output:</h2>
*** Using Compiler 'V5.06 update 7 (build 960)', folder: 'G:\Keil_v5\ARM\ARMCC\Bin'
Build target 'Target 1'
compiling Invaders.c...
Code\Invaders.h(34): warning:  #1295-D: Deprecated declaration Write_High_Score - give arg types
  void Write_High_Score();
Code\Invaders.h(45): warning:  #1-D: last line of file ends without a newline
  void Display_Scores(void);
Code\Invaders.c(22): warning:  #223-D: function "printf" declared implicitly
  		printf("0");
Code\Invaders.c(29): warning:  #223-D: function "printf" declared implicitly
  	printf("%d", score);
Code\Invaders.c(44): warning:  #223-D: function "printf" declared implicitly
  			printf("%c", Data_Receive);
Code\Invaders.c(50): warning:  #223-D: function "printf" declared implicitly
  		printf(" ");
Code\Invaders.c(156): warning:  #223-D: function "printf" declared implicitly
  			printf("%c", display[i][j]);
Code\Invaders.c(159): warning:  #223-D: function "printf" declared implicitly
  			printf("   Time: ");
Code\Invaders.c(163): warning:  #223-D: function "printf" declared implicitly
  			printf("   Hi-Score: ");
Code\Invaders.c(168): warning:  #223-D: function "printf" declared implicitly
  			printf("   Score: ");
Code\Invaders.c(171): warning:  #223-D: function "printf" declared implicitly
  		printf("\n");
Code\Invaders.c(335): warning:  #223-D: function "printf" declared implicitly
  				printf("#");
Code\Invaders.c(336): warning:  #223-D: function "printf" declared implicitly
  			printf("\n");
Code\Invaders.c(340): warning:  #223-D: function "printf" declared implicitly
  				printf(" ");
Code\Invaders.c(341): warning:  #223-D: function "printf" declared implicitly
  			printf("SPACE INVADERS\n");
Code\Invaders.c(345): warning:  #223-D: function "printf" declared implicitly
  				printf(" ");
Code\Invaders.c(346): warning:  #223-D: function "printf" declared implicitly
  			printf("(sorta)\n");
Code\Invaders.c(350): warning:  #223-D: function "printf" declared implicitly
  				printf(" ");
Code\Invaders.c(351): warning:  #223-D: function "printf" declared implicitly
  			printf("Type \"h\" to view the leaderboards\n");
Code\Invaders.c(355): warning:  #223-D: function "printf" declared implicitly
  				printf(" ");
Code\Invaders.c(356): warning:  #223-D: function "printf" declared implicitly
  			printf("Type any other letter to start\n");
Code\Invaders.c(359): warning:  #223-D: function "printf" declared implicitly
  			printf("\n");
Code\Invaders.c(361): warning:  #223-D: function "scanf" declared implicitly
  	scanf("%c",&rxByte);
Code\Invaders.c(371): warning:  #223-D: function "printf" declared implicitly
  				printf("#");
Code\Invaders.c(372): warning:  #223-D: function "printf" declared implicitly
  			printf("\n");
Code\Invaders.c(376): warning:  #223-D: function "printf" declared implicitly
  				printf(" ");
Code\Invaders.c(377): warning:  #223-D: function "printf" declared implicitly
  			printf("GAME OVER\n");
Code\Invaders.c(381): warning:  #223-D: function "printf" declared implicitly
  				printf(" ");
Code\Invaders.c(382): warning:  #223-D: function "printf" declared implicitly
  			printf("Score: ");
Code\Invaders.c(387): warning:  #223-D: function "printf" declared implicitly
  			printf("\n");
Code\Invaders.c(396): warning:  #223-D: function "printf" declared implicitly
  				printf("#");
Code\Invaders.c(397): warning:  #223-D: function "printf" declared implicitly
  			printf("\n");
Code\Invaders.c(401): warning:  #223-D: function "printf" declared implicitly
  				printf(" ");
Code\Invaders.c(402): warning:  #223-D: function "printf" declared implicitly
  			printf("Score: ");
Code\Invaders.c(408): warning:  #223-D: function "printf" declared implicitly
  				printf(" ");
Code\Invaders.c(409): warning:  #223-D: function "printf" declared implicitly
  			printf("Input your intials to save your score!\n");
Code\Invaders.c(413): warning:  #223-D: function "printf" declared implicitly
  				printf(" ");
Code\Invaders.c(414): warning:  #223-D: function "printf" declared implicitly
  			printf("Input your first intial:\n");
Code\Invaders.c(418): warning:  #223-D: function "printf" declared implicitly
  				printf(" ");
Code\Invaders.c(419): warning:  #223-D: function "printf" declared implicitly
  			printf("_ _ _\n");
Code\Invaders.c(422): warning:  #223-D: function "printf" declared implicitly
  			printf("\n");
Code\Invaders.c(424): warning:  #223-D: function "scanf" declared implicitly
  	scanf("%c",&intials[0]);
Code\Invaders.c(430): warning:  #223-D: function "printf" declared implicitly
  				printf("#");
Code\Invaders.c(431): warning:  #223-D: function "printf" declared implicitly
  			printf("\n");
Code\Invaders.c(435): warning:  #223-D: function "printf" declared implicitly
  				printf(" ");
Code\Invaders.c(436): warning:  #223-D: function "printf" declared implicitly
  			printf("Score: ");
Code\Invaders.c(442): warning:  #223-D: function "printf" declared implicitly
  				printf(" ");
Code\Invaders.c(443): warning:  #223-D: function "printf" declared implicitly
  			printf("Input your intials to save your score!\n");
Code\Invaders.c(447): warning:  #223-D: function "printf" declared implicitly
  				printf(" ");
Code\Invaders.c(448): warning:  #223-D: function "printf" declared implicitly
  			printf("Input your first intial:\n");
Code\Invaders.c(452): warning:  #223-D: function "printf" declared implicitly
  				printf(" ");
Code\Invaders.c(453): warning:  #223-D: function "printf" declared implicitly
  			printf("%c", intials[0]);
Code\Invaders.c(457): warning:  #223-D: function "printf" declared implicitly
  			printf("\n");
Code\Invaders.c(465): warning:  #223-D: function "printf" declared implicitly
  				printf("#");
Code\Invaders.c(466): warning:  #223-D: function "printf" declared implicitly
  			printf("\n");
Code\Invaders.c(470): warning:  #223-D: function "printf" declared implicitly
  				printf(" ");
Code\Invaders.c(471): warning:  #223-D: function "printf" declared implicitly
  			printf("Score: ");
Code\Invaders.c(477): warning:  #223-D: function "printf" declared implicitly
  				printf(" ");
Code\Invaders.c(478): warning:  #223-D: function "printf" declared implicitly
  			printf("Input your intials to save your score!\n");
Code\Invaders.c(482): warning:  #223-D: function "printf" declared implicitly
  				printf(" ");
Code\Invaders.c(483): warning:  #223-D: function "printf" declared implicitly
  			printf("Input your first intial:\n");
Code\Invaders.c(487): warning:  #223-D: function "printf" declared implicitly
  				printf(" ");
Code\Invaders.c(488): warning:  #223-D: function "printf" declared implicitly
  			printf("%c", intials[0]);
Code\Invaders.c(494): warning:  #223-D: function "printf" declared implicitly
  			printf("\n");
Code\Invaders.c(504): warning:  #223-D: function "printf" declared implicitly
  				printf("#");
Code\Invaders.c(505): warning:  #223-D: function "printf" declared implicitly
  			printf("\n");
Code\Invaders.c(509): warning:  #223-D: function "printf" declared implicitly
  				printf(" ");
Code\Invaders.c(510): warning:  #223-D: function "printf" declared implicitly
  			printf("Score: ");
Code\Invaders.c(516): warning:  #223-D: function "printf" declared implicitly
  				printf(" ");
Code\Invaders.c(517): warning:  #223-D: function "printf" declared implicitly
  			printf("Nice score!\n");
Code\Invaders.c(521): warning:  #223-D: function "printf" declared implicitly
  				printf(" ");
Code\Invaders.c(522): warning:  #223-D: function "printf" declared implicitly
  			printf("%c", intials[0]);
Code\Invaders.c(530): warning:  #223-D: function "printf" declared implicitly
  			printf("\n");
Code\Invaders.c(548): warning:  #223-D: function "printf" declared implicitly
  				printf("#");
Code\Invaders.c(549): warning:  #223-D: function "printf" declared implicitly
  			printf("\n");
Code\Invaders.c(553): warning:  #223-D: function "printf" declared implicitly
  				printf(" ");
Code\Invaders.c(554): warning:  #223-D: function "printf" declared implicitly
  			printf("HIGH SCORES\n");
Code\Invaders.c(558): warning:  #223-D: function "printf" declared implicitly
  				printf(" ");
Code\Invaders.c(563): warning:  #223-D: function "printf" declared implicitly
  				printf(" ");
Code\Invaders.c(568): warning:  #223-D: function "printf" declared implicitly
  				printf(" ");
Code\Invaders.c(573): warning:  #223-D: function "printf" declared implicitly
  				printf(" ");
Code\Invaders.c(578): warning:  #223-D: function "printf" declared implicitly
  				printf(" ");
Code\Invaders.c(583): warning:  #223-D: function "printf" declared implicitly
  				printf(" ");
Code\Invaders.c(584): warning:  #223-D: function "printf" declared implicitly
  			printf("Type any letter to return to the title screen\n");
Code\Invaders.c(587): warning:  #223-D: function "printf" declared implicitly
  			printf("\n");
Code\Invaders.c(589): warning:  #223-D: function "scanf" declared implicitly
  	scanf("%c",&intials[1]);
Code\Invaders.c(590): warning:  #1-D: last line of file ends without a newline
  }
Code\Invaders.c: 87 warnings, 0 errors
linking...
Program Size: Code=9388 RO-data=696 RW-data=48 ZI-data=3472  
FromELF: creating hex file...
".\Objects\SpaceInvaders.axf" - 0 Error(s), 87 Warning(s).

<h2>Software Packages used:</h2>

Package Vendor: ARM
                http://www.keil.com/pack/ARM.CMSIS.5.8.0.pack
                ARM.CMSIS.5.8.0
                CMSIS (Common Microcontroller Software Interface Standard)
   * Component: CORE Version: 5.5.0

Package Vendor: Keil
                http://www.keil.com/pack/Keil.STM32L4xx_DFP.2.6.0.pack
                Keil.STM32L4xx_DFP.2.6.0
                STMicroelectronics STM32L4 Series Device Support, Drivers and Examples

<h2>Collection of Component include folders:</h2>
  .\RTE\_Target_1
  G:\Users\Nathan\AppData\Local\Arm\Packs\ARM\CMSIS\5.8.0\CMSIS\Core\Include
  G:\Users\Nathan\AppData\Local\Arm\Packs\Keil\STM32L4xx_DFP\2.6.0\Drivers\CMSIS\Device\ST\STM32L4xx\Include

<h2>Collection of Component Files used:</h2>

   * Component: ARM::CMSIS:CORE:5.5.0
Build Time Elapsed:  00:00:05
</pre>
</body>
</html>
