Component: ARM Compiler 5.06 update 7 (build 960) Tool: armlink [4d3601]

==============================================================================

Section Cross References

    exti.o(i.EXTI15_10_IRQHandler) refers to _printf_percent.o(.ARM.Collect$$_printf_percent$$00000000) for _printf_percent
    exti.o(i.EXTI15_10_IRQHandler) refers to _printf_d.o(.ARM.Collect$$_printf_percent$$00000009) for _printf_d
    exti.o(i.EXTI15_10_IRQHandler) refers to _printf_dec.o(.text) for _printf_int_dec
    exti.o(i.EXTI15_10_IRQHandler) refers to noretval__2printf.o(.text) for __2printf
    exti.o(i.EXTI15_10_IRQHandler) refers to exti.o(.data) for count
    exti.o(i.EXTI9_5_IRQHandler) refers to invaders.o(.data) for position
    exti.o(i.EXTI9_5_IRQHandler) refers to invaders.o(.bss) for projectiles
    exti.o(i.EXTI_Button_Init) refers to exti.o(i.__NVIC_EnableIRQ) for __NVIC_EnableIRQ
    exti.o(i.EXTI_Button_Init) refers to exti.o(i.__NVIC_SetPriority) for __NVIC_SetPriority
    exti.o(i.EXTI_Init) refers to exti.o(i.__NVIC_EnableIRQ) for __NVIC_EnableIRQ
    exti.o(i.EXTI_Init) refers to exti.o(i.__NVIC_SetPriority) for __NVIC_SetPriority
    i2c.o(i.I2C_ReceiveData) refers to i2c.o(i.I2C_WaitLineIdle) for I2C_WaitLineIdle
    i2c.o(i.I2C_ReceiveData) refers to i2c.o(i.I2C_Start) for I2C_Start
    i2c.o(i.I2C_ReceiveData) refers to i2c.o(i.I2C_Stop) for I2C_Stop
    i2c.o(i.I2C_SendData) refers to i2c.o(i.I2C_WaitLineIdle) for I2C_WaitLineIdle
    i2c.o(i.I2C_SendData) refers to i2c.o(i.I2C_Start) for I2C_Start
    i2c.o(i.I2C_SendData) refers to i2c.o(i.I2C_Stop) for I2C_Stop
    i2c.o(i.I2C_SendReceiveData) refers to i2c.o(i.I2C_WaitLineIdle) for I2C_WaitLineIdle
    i2c.o(i.I2C_SendReceiveData) refers to i2c.o(i.I2C_Start) for I2C_Start
    i2c.o(i.I2C_SendReceiveData) refers to i2c.o(i.I2C_Stop) for I2C_Stop
    main.o(i.Init_USARTx) refers to uart.o(i.UART1_Init) for UART1_Init
    main.o(i.Init_USARTx) refers to uart.o(i.UART1_GPIO_Init) for UART1_GPIO_Init
    main.o(i.Init_USARTx) refers to uart.o(i.USART_Init) for USART_Init
    main.o(i.Init_USARTx) refers to uart.o(i.UART2_Init) for UART2_Init
    main.o(i.Init_USARTx) refers to uart.o(i.UART2_GPIO_Init) for UART2_GPIO_Init
    main.o(i.main) refers to sysclock.o(i.System_Clock_Init) for System_Clock_Init
    main.o(i.main) refers to i2c.o(i.I2C_GPIO_Init) for I2C_GPIO_Init
    main.o(i.main) refers to i2c.o(i.I2C_Initialization) for I2C_Initialization
    main.o(i.main) refers to main.o(i.Init_USARTx) for Init_USARTx
    main.o(i.main) refers to exti.o(i.EXTI_Init) for EXTI_Init
    main.o(i.main) refers to exti.o(i.EXTI_Button_Init) for EXTI_Button_Init
    main.o(i.main) refers to systimer.o(i.SysTick_Init) for SysTick_Init
    main.o(i.main) refers to invaders.o(i.Game_Start_Menu) for Game_Start_Menu
    main.o(i.main) refers to invaders.o(i.Display_Scores) for Display_Scores
    main.o(i.main) refers to invaders.o(i.Game_Init) for Game_Init
    main.o(i.main) refers to invaders.o(i.Game_Print) for Game_Print
    main.o(i.main) refers to systimer.o(i.delay) for delay
    main.o(i.main) refers to invaders.o(i.Game_Update) for Game_Update
    main.o(i.main) refers to invaders.o(i.Game_Update_Projectiles) for Game_Update_Projectiles
    main.o(i.main) refers to invaders.o(i.Game_Over) for Game_Over
    main.o(i.main) refers to invaders.o(i.Game_Input_Initials) for Game_Input_Initials
    main.o(i.main) refers to invaders.o(i.Game_Show_Initials) for Game_Show_Initials
    main.o(i.main) refers to invaders.o(.data) for show_leaderboard
    ssd1306.o(i.ssd1306_Init) refers to ssd1306.o(i.SPI_Write_Byte) for SPI_Write_Byte
    startup_stm32l476xx.o(STACK) refers (Special) to heapauxi.o(.text) for __use_two_region_memory
    startup_stm32l476xx.o(HEAP) refers (Special) to heapauxi.o(.text) for __use_two_region_memory
    startup_stm32l476xx.o(RESET) refers (Special) to heapauxi.o(.text) for __use_two_region_memory
    startup_stm32l476xx.o(RESET) refers to startup_stm32l476xx.o(STACK) for __initial_sp
    startup_stm32l476xx.o(RESET) refers to startup_stm32l476xx.o(.text) for Reset_Handler
    startup_stm32l476xx.o(RESET) refers to systimer.o(i.SysTick_Handler) for SysTick_Handler
    startup_stm32l476xx.o(RESET) refers to exti.o(i.EXTI9_5_IRQHandler) for EXTI9_5_IRQHandler
    startup_stm32l476xx.o(RESET) refers to exti.o(i.EXTI15_10_IRQHandler) for EXTI15_10_IRQHandler
    startup_stm32l476xx.o(.text) refers (Special) to heapauxi.o(.text) for __use_two_region_memory
    startup_stm32l476xx.o(.text) refers to __main.o(!!!main) for __main
    startup_stm32l476xx.o(.text) refers to startup_stm32l476xx.o(HEAP) for Heap_Mem
    startup_stm32l476xx.o(.text) refers to startup_stm32l476xx.o(STACK) for Stack_Mem
    systimer.o(i.SysTick_Handler) refers to systimer.o(.data) for msTicks
    systimer.o(i.delay) refers to systimer.o(.data) for msTicks
[...]
    scanf_char.o(.text) refers to isspace.o(.text) for isspace
    backspace.o(.text) refers to ungetc.o(.text) for _ungetc_internal
    sys_stackheap_outer.o(.text) refers to libspace.o(.text) for __user_perproc_libspace
    sys_stackheap_outer.o(.text) refers to startup_stm32l476xx.o(.text) for __user_initial_stackheap
    isspace.o(.text) refers to rt_ctype_table.o(.text) for __rt_ctype_table
    _scanf.o(.text) refers (Weak) to _scanf_str.o(.text) for _scanf_string
    exit.o(.text) refers to rtexit.o(.ARM.Collect$$rtexit$$00000000) for __rt_exit
    libinit.o(.ARM.Collect$$libinit$$00000000) refers (Special) to libinit2.o(.ARM.Collect$$libinit$$0000002E) for __rt_lib_init_alloca_1
    libinit.o(.ARM.Collect$$libinit$$00000000) refers (Special) to libinit2.o(.ARM.Collect$$libinit$$0000002C) for __rt_lib_init_argv_1
    libinit.o(.ARM.Collect$$libinit$$00000000) refers (Special) to libinit2.o(.ARM.Collect$$libinit$$0000001B) for __rt_lib_init_atexit_1
    libinit.o(.ARM.Collect$$libinit$$00000000) refers (Special) to libinit2.o(.ARM.Collect$$libinit$$00000021) for __rt_lib_init_clock_1
    libinit.o(.ARM.Collect$$libinit$$00000000) refers (Special) to libinit2.o(.ARM.Collect$$libinit$$00000032) for __rt_lib_init_cpp_1
    libinit.o(.ARM.Collect$$libinit$$00000000) refers (Special) to libinit2.o(.ARM.Collect$$libinit$$00000030) for __rt_lib_init_exceptions_1
    libinit.o(.ARM.Collect$$libinit$$00000000) refers (Special) to libinit2.o(.ARM.Collect$$libinit$$00000001) for __rt_lib_init_fp_1
    libinit.o(.ARM.Collect$$libinit$$00000000) refers (Special) to libinit2.o(.ARM.Collect$$libinit$$0000001F) for __rt_lib_init_fp_trap_1
    libinit.o(.ARM.Collect$$libinit$$00000000) refers (Special) to libinit2.o(.ARM.Collect$$libinit$$00000023) for __rt_lib_init_getenv_1
    libinit.o(.ARM.Collect$$libinit$$00000000) refers (Special) to libinit2.o(.ARM.Collect$$libinit$$0000000A) for __rt_lib_init_heap_1
    libinit.o(.ARM.Collect$$libinit$$00000000) refers (Special) to libinit2.o(.ARM.Collect$$libinit$$00000011) for __rt_lib_init_lc_collate_1
    libinit.o(.ARM.Collect$$libinit$$00000000) refers (Special) to libinit2.o(.ARM.Collect$$libinit$$00000013) for __rt_lib_init_lc_ctype_1
    libinit.o(.ARM.Collect$$libinit$$00000000) refers (Special) to libinit2.o(.ARM.Collect$$libinit$$00000015) for __rt_lib_init_lc_monetary_1
    libinit.o(.ARM.Collect$$libinit$$00000000) refers (Special) to libinit2.o(.ARM.Collect$$libinit$$00000017) for __rt_lib_init_lc_numeric_1
    libinit.o(.ARM.Collect$$libinit$$00000000) refers (Special) to libinit2.o(.ARM.Collect$$libinit$$00000019) for __rt_lib_init_lc_time_1
    libinit.o(.ARM.Collect$$libinit$$00000000) refers (Special) to libinit2.o(.ARM.Collect$$libinit$$00000004) for __rt_lib_init_preinit_1
    libinit.o(.ARM.Collect$$libinit$$00000000) refers (Special) to libinit2.o(.ARM.Collect$$libinit$$0000000E) for __rt_lib_init_rand_1
    libinit.o(.ARM.Collect$$libinit$$00000000) refers (Special) to libinit2.o(.ARM.Collect$$libinit$$00000033) for __rt_lib_init_return
    libinit.o(.ARM.Collect$$libinit$$00000000) refers (Special) to libinit2.o(.ARM.Collect$$libinit$$0000001D) for __rt_lib_init_signal_1
    libinit.o(.ARM.Collect$$libinit$$00000000) refers (Special) to libinit2.o(.ARM.Collect$$libinit$$00000025) for __rt_lib_init_stdio_1
    libinit.o(.ARM.Collect$$libinit$$00000000) refers (Special) to libinit2.o(.ARM.Collect$$libinit$$0000000C) for __rt_lib_init_user_alloc_1
    libspace.o(.text) refers to libspace.o(.bss) for __libspace_start
    rtexit.o(.ARM.Collect$$rtexit$$00000000) refers (Special) to rtexit2.o(.ARM.Collect$$rtexit$$00000004) for __rt_exit_exit
    rtexit.o(.ARM.Collect$$rtexit$$00000000) refers (Special) to rtexit2.o(.ARM.Collect$$rtexit$$00000003) for __rt_exit_ls
    rtexit.o(.ARM.Collect$$rtexit$$00000000) refers (Special) to rtexit2.o(.ARM.Collect$$rtexit$$00000002) for __rt_exit_prels_1
    rtexit.o(.ARM.exidx) refers (Special) to rtexit2.o(.ARM.Collect$$rtexit$$00000004) for __rt_exit_exit
    rtexit.o(.ARM.exidx) refers (Special) to rtexit2.o(.ARM.Collect$$rtexit$$00000003) for __rt_exit_ls
    rtexit.o(.ARM.exidx) refers (Special) to rtexit2.o(.ARM.Collect$$rtexit$$00000002) for __rt_exit_prels_1
    rtexit.o(.ARM.exidx) refers to rtexit.o(.ARM.Collect$$rtexit$$00000000) for .ARM.Collect$$rtexit$$00000000
    rt_ctype_table.o(.text) refers to rt_locale_intlibspace.o(.text) for __rt_locale
    rt_ctype_table.o(.text) refers to lc_ctype_c.o(locale$$code) for _get_lc_ctype
    libinit2.o(.ARM.Collect$$libinit$$00000001) refers to fpinit.o(x$fpl$fpinit) for _fp_init
    libinit2.o(.ARM.Collect$$libinit$$0000000F) refers (Weak) to rt_locale_intlibspace.o(.text) for __rt_locale
    libinit2.o(.ARM.Collect$$libinit$$00000010) refers to libinit2.o(.ARM.Collect$$libinit$$0000000F) for .ARM.Collect$$libinit$$0000000F
    libinit2.o(.ARM.Collect$$libinit$$00000012) refers to libinit2.o(.ARM.Collect$$libinit$$0000000F) for .ARM.Collect$$libinit$$0000000F
    libinit2.o(.ARM.Collect$$libinit$$00000012) refers (Weak) to lc_ctype_c.o(locale$$code) for _get_lc_ctype
    libinit2.o(.ARM.Collect$$libinit$$00000014) refers to libinit2.o(.ARM.Collect$$libinit$$0000000F) for .ARM.Collect$$libinit$$0000000F
    libinit2.o(.ARM.Collect$$libinit$$00000016) refers to libinit2.o(.ARM.Collect$$libinit$$0000000F) for .ARM.Collect$$libinit$$0000000F
    libinit2.o(.ARM.Collect$$libinit$$00000018) refers to libinit2.o(.ARM.Collect$$libinit$$0000000F) for .ARM.Collect$$libinit$$0000000F
    libinit2.o(.ARM.Collect$$libinit$$00000026) refers to argv_veneer.o(.emb_text) for __ARM_argv_veneer
    libinit2.o(.ARM.Collect$$libinit$$00000027) refers to argv_veneer.o(.emb_text) for __ARM_argv_veneer
    rtexit2.o(.ARM.Collect$$rtexit$$00000003) refers to libshutdown.o(.ARM.Collect$$libshutdown$$00000000) for __rt_lib_shutdown
    rtexit2.o(.ARM.Collect$$rtexit$$00000004) refers to sys_exit.o(.text) for _sys_exit
    rtexit2.o(.ARM.exidx) refers to rtexit2.o(.ARM.Collect$$rtexit$$00000001) for .ARM.Collect$$rtexit$$00000001
    rtexit2.o(.ARM.exidx) refers to rtexit2.o(.ARM.Collect$$rtexit$$00000003) for .ARM.Collect$$rtexit$$00000003
    rtexit2.o(.ARM.exidx) refers to rtexit2.o(.ARM.Collect$$rtexit$$00000004) for .ARM.Collect$$rtexit$$00000004
    rt_locale.o(.text) refers to rt_locale.o(.bss) for __rt_locale_data
    rt_locale_intlibspace.o(.text) refers to libspace.o(.bss) for __libspace_start
    lc_ctype_c.o(locale$$data) refers (Special) to libinit2.o(.ARM.Collect$$libinit$$00000012) for __rt_lib_init_lc_ctype_2
    lc_ctype_c.o(locale$$code) refers (Special) to libinit2.o(.ARM.Collect$$libinit$$00000012) for __rt_lib_init_lc_ctype_2
    lc_ctype_c.o(locale$$code) refers to strcmpv7m.o(.text) for strcmp
    lc_ctype_c.o(locale$$code) refers to lc_ctype_c.o(locale$$data) for __lcctype_c_name
    argv_veneer.o(.emb_text) refers to no_argv.o(.text) for __ARM_get_argv
    sys_exit.o(.text) refers (Special) to use_no_semi.o(.text) for __I$use$semihosting
    sys_exit.o(.text) refers (Special) to indicate_semi.o(.text) for __semihosting_library_function
    _get_argv_nomalloc.o(.text) refers (Special) to hrguard.o(.text) for __heap_region$guard
    _get_argv_nomalloc.o(.text) refers to defsig_rtmem_outer.o(.text) for __rt_SIGRTMEM
    _get_argv_nomalloc.o(.text) refers to sys_command.o(.text) for _sys_command_string
    libshutdown.o(.ARM.Collect$$libshutdown$$00000000) refers (Special) to libshutdown2.o(.ARM.Collect$$libshutdown$$00000004) for __rt_lib_shutdown_cpp_1
    libshutdown.o(.ARM.Collect$$libshutdown$$00000000) refers (Special) to libshutdown2.o(.ARM.Collect$$libshutdown$$00000002) for __rt_lib_shutdown_fini_1
    libshutdown.o(.ARM.Collect$$libshutdown$$00000000) refers (Special) to libshutdown2.o(.ARM.Collect$$libshutdown$$00000009) for __rt_lib_shutdown_fp_trap_1
    libshutdown.o(.ARM.Collect$$libshutdown$$00000000) refers (Special) to libshutdown2.o(.ARM.Collect$$libshutdown$$00000011) for __rt_lib_shutdown_heap_1
    libshutdown.o(.ARM.Collect$$libshutdown$$00000000) refers (Special) to libshutdown2.o(.ARM.Collect$$libshutdown$$00000012) for __rt_lib_shutdown_return
    libshutdown.o(.ARM.Collect$$libshutdown$$00000000) refers (Special) to libshutdown2.o(.ARM.Collect$$libshutdown$$0000000C) for __rt_lib_shutdown_signal_1
    libshutdown.o(.ARM.Collect$$libshutdown$$00000000) refers (Special) to libshutdown2.o(.ARM.Collect$$libshutdown$$00000006) for __rt_lib_shutdown_stdio_1
    libshutdown.o(.ARM.Collect$$libshutdown$$00000000) refers (Special) to libshutdown2.o(.ARM.Collect$$libshutdown$$0000000E) for __rt_lib_shutdown_user_alloc_1
    sys_command.o(.text) refers (Special) to use_no_semi.o(.text) for __I$use$semihosting
    sys_command.o(.text) refers (Special) to indicate_semi.o(.text) for __semihosting_library_function
    defsig_rtmem_outer.o(.text) refers to defsig_rtmem_inner.o(.text) for __rt_SIGRTMEM_inner
    defsig_rtmem_outer.o(.text) refers to defsig_exit.o(.text) for __sig_exit
    defsig_rtmem_formal.o(.text) refers to rt_raise.o(.text) for __rt_raise
    rt_raise.o(.text) refers to __raise.o(.text) for __raise
    rt_raise.o(.text) refers to sys_exit.o(.text) for _sys_exit
    defsig_exit.o(.text) refers to sys_exit.o(.text) for _sys_exit
    defsig_rtmem_inner.o(.text) refers to defsig_general.o(.text) for __default_signal_display
    __raise.o(.text) refers to defsig.o(CL$$defsig) for __default_signal_handler
    defsig_general.o(.text) refers to sys_wrch.o(.text) for _ttywrch
    sys_wrch.o(.text) refers (Special) to use_no_semi.o(.text) for __I$use$semihosting
    sys_wrch.o(.text) refers (Special) to indicate_semi.o(.text) for __semihosting_library_function
    defsig.o(CL$$defsig) refers to defsig_rtmem_inner.o(.text) for __rt_SIGRTMEM_inner
    defsig_abrt_inner.o(.text) refers to defsig_general.o(.text) for __default_signal_display
    defsig_fpe_inner.o(.text) refers to defsig_general.o(.text) for __default_signal_display
    defsig_rtred_inner.o(.text) refers to defsig_general.o(.text) for __default_signal_display
    defsig_stak_inner.o(.text) refers to defsig_general.o(.text) for __default_signal_display
    defsig_pvfn_inner.o(.text) refers to defsig_general.o(.text) for __default_signal_display
    defsig_cppl_inner.o(.text) refers to defsig_general.o(.text) for __default_signal_display
    defsig_segv_inner.o(.text) refers to defsig_general.o(.text) for __default_signal_display
    defsig_other.o(.text) refers to defsig_general.o(.text) for __default_signal_display


==============================================================================

Removing Unused input sections from the image.

    Removing exti.o(.rev16_text), (4 bytes).
    Removing exti.o(.revsh_text), (4 bytes).
    Removing exti.o(.rrx_text), (6 bytes).
    Removing i2c.o(.rev16_text), (4 bytes).
    Removing i2c.o(.revsh_text), (4 bytes).
    Removing i2c.o(.rrx_text), (6 bytes).
    Removing i2c.o(i.I2C_ReceiveData), (92 bytes).
    Removing main.o(.rev16_text), (4 bytes).
    Removing main.o(.revsh_text), (4 bytes).
    Removing main.o(.rrx_text), (6 bytes).
    Removing spi.o(.rev16_text), (4 bytes).
    Removing spi.o(.revsh_text), (4 bytes).
    Removing spi.o(.rrx_text), (6 bytes).
    Removing spi.o(i.SPI2_GPIO_Init), (268 bytes).
    Removing spi.o(i.SPI2_Init), (232 bytes).
    Removing spi.o(i.SPI_Transfer_Byte), (44 bytes).
    Removing ssd1306.o(.rev16_text), (4 bytes).
    Removing ssd1306.o(.revsh_text), (4 bytes).
    Removing ssd1306.o(.rrx_text), (6 bytes).
    Removing ssd1306.o(i.SPI_Read_Byte), (18 bytes).
    Removing ssd1306.o(i.SPI_Write_Byte), (28 bytes).
    Removing ssd1306.o(i.ssd1306_Init), (148 bytes).
    Removing sysclock.o(.rev16_text), (4 bytes).
    Removing sysclock.o(.revsh_text), (4 bytes).
    Removing sysclock.o(.rrx_text), (6 bytes).
    Removing systimer.o(.rev16_text), (4 bytes).
    Removing systimer.o(.revsh_text), (4 bytes).
    Removing systimer.o(.rrx_text), (6 bytes).
    Removing uart.o(.rev16_text), (4 bytes).
    Removing uart.o(.revsh_text), (4 bytes).
    Removing uart.o(.rrx_text), (6 bytes).
    Removing uart_printf.o(.rev16_text), (4 bytes).
    Removing uart_printf.o(.revsh_text), (4 bytes).
    Removing uart_printf.o(.rrx_text), (6 bytes).
    Removing invaders.o(.rev16_text), (4 bytes).
    Removing invaders.o(.revsh_text), (4 bytes).
    Removing invaders.o(.rrx_text), (6 bytes).
    Removing invaders.o(i.Reset_Scores), (164 bytes).

38 unused section(s) (total 1134 bytes) removed from the image.

==============================================================================

Image Symbol Table

    Local Symbols

    Symbol Name                              Value     Ov Type        Size  Object(Section)

    ../clib/angel/boardlib.s                 0x00000000   Number         0  boardshut.o ABSOLUTE
    ../clib/angel/boardlib.s                 0x00000000   Number         0  boardinit3.o ABSOLUTE
    ../clib/angel/boardlib.s                 0x00000000   Number         0  boardinit1.o ABSOLUTE
    ../clib/angel/boardlib.s                 0x00000000   Number         0  boardinit2.o ABSOLUTE
    ../clib/angel/handlers.s                 0x00000000   Number         0  __scatter_copy.o ABSOLUTE
    ../clib/angel/handlers.s                 0x00000000   Number         0  __scatter_zi.o ABSOLUTE
    ../clib/angel/kernel.s                   0x00000000   Number         0  __rtentry4.o ABSOLUTE
    ../clib/angel/kernel.s                   0x00000000   Number         0  rtexit2.o ABSOLUTE
    ../clib/angel/kernel.s                   0x00000000   Number         0  rtexit.o ABSOLUTE
    ../clib/angel/kernel.s                   0x00000000   Number         0  __rtentry.o ABSOLUTE
    ../clib/angel/kernel.s                   0x00000000   Number         0  __rtentry2.o ABSOLUTE
    ../clib/angel/rt.s                       0x00000000   Number         0  rt_raise.o ABSOLUTE
    ../clib/angel/rt.s                       0x00000000   Number         0  rt_locale_intlibspace.o ABSOLUTE
    ../clib/angel/rt.s                       0x00000000   Number         0  rt_locale.o ABSOLUTE
    ../clib/angel/rt.s                       0x00000000   Number         0  rt_ctype_table.o ABSOLUTE
    ../clib/angel/scatter.s                  0x00000000   Number         0  __scatter.o ABSOLUTE
    ../clib/angel/startup.s                  0x00000000   Number         0  __main.o ABSOLUTE
    ../clib/angel/sys.s                      0x00000000   Number         0  libspace.o ABSOLUTE
    ../clib/angel/sys.s                      0x00000000   Number         0  indicate_semi.o ABSOLUTE
    ../clib/angel/sys.s                      0x00000000   Number         0  sys_stackheap_outer.o ABSOLUTE
    ../clib/angel/sys.s                      0x00000000   Number         0  use_no_semi.o ABSOLUTE
    ../clib/angel/sysapp.c                   0x00000000   Number         0  sys_wrch.o ABSOLUTE
    ../clib/angel/sysapp.c                   0x00000000   Number         0  sys_exit.o ABSOLUTE
    ../clib/angel/sysapp.c                   0x00000000   Number         0  sys_command.o ABSOLUTE
    ../clib/armsys.c                         0x00000000   Number         0  argv_veneer.o ABSOLUTE
    ../clib/armsys.c                         0x00000000   Number         0  _get_argv_nomalloc.o ABSOLUTE
    ../clib/armsys.c                         0x00000000   Number         0  no_argv.o ABSOLUTE
    ../clib/armsys.c                         0x00000000   Number         0  argv_veneer.o ABSOLUTE
    ../clib/ctype.c                          0x00000000   Number         0  isspace.o ABSOLUTE
    ../clib/heapalloc.c                      0x00000000   Number         0  hrguard.o ABSOLUTE
    ../clib/heapaux.c                        0x00000000   Number         0  heapauxi.o ABSOLUTE
    ../clib/libinit.s                        0x00000000   Number         0  libshutdown.o ABSOLUTE
    ../clib/libinit.s                        0x00000000   Number         0  libinit.o ABSOLUTE
    ../clib/libinit.s                        0x00000000   Number         0  libshutdown2.o ABSOLUTE
    ../clib/libinit.s                        0x00000000   Number         0  libinit2.o ABSOLUTE
    ../clib/locale.s                         0x00000000   Number         0  lc_ctype_c.o ABSOLUTE
    ../clib/memcpset.s                       0x00000000   Number         0  strcmpv7m.o ABSOLUTE
    ../clib/printf.c                         0x00000000   Number         0  _printf_char_file.o ABSOLUTE
    ../clib/printf.c                         0x00000000   Number         0  _printf_intcommon.o ABSOLUTE
    ../clib/printf.c                         0x00000000   Number         0  __printf_flags_wp.o ABSOLUTE
    ../clib/printf.c                         0x00000000   Number         0  __printf_ss_wp.o ABSOLUTE
    ../clib/printf.c                         0x00000000   Number         0  __printf_flags_ss_wp.o ABSOLUTE
    ../clib/printf.c                         0x00000000   Number         0  __2printf.o ABSOLUTE
    ../clib/printf.c                         0x00000000   Number         0  _printf_char_common.o ABSOLUTE
    ../clib/printf.c                         0x00000000   Number         0  __printf.o ABSOLUTE
    ../clib/printf.c                         0x00000000   Number         0  noretval__2printf.o ABSOLUTE
    ../clib/printf.c                         0x00000000   Number         0  _printf_str.o ABSOLUTE
    ../clib/printf.c                         0x00000000   Number         0  __printf_nopercent.o ABSOLUTE
    ../clib/printf.c                         0x00000000   Number         0  _printf_dec.o ABSOLUTE
    ../clib/printf.c                         0x00000000   Number         0  _printf_char.o ABSOLUTE
    ../clib/printf.c                         0x00000000   Number         0  __printf_flags.o ABSOLUTE
    ../clib/printf.c                         0x00000000   Number         0  __printf_ss.o ABSOLUTE
    ../clib/printf.c                         0x00000000   Number         0  __printf_flags_ss.o ABSOLUTE
    ../clib/printf.c                         0x00000000   Number         0  __printf_wp.o ABSOLUTE
    ../clib/printf_percent.s                 0x00000000   Number         0  _printf_c.o ABSOLUTE
    ../clib/printf_percent.s                 0x00000000   Number         0  _printf_percent.o ABSOLUTE
    ../clib/printf_percent.s                 0x00000000   Number         0  _printf_percent_end.o ABSOLUTE
    ../clib/printf_percent.s                 0x00000000   Number         0  _printf_d.o ABSOLUTE
    ../clib/scanf.c                          0x00000000   Number         0  _scanf.o ABSOLUTE
    ../clib/scanf.c                          0x00000000   Number         0  scanf_char_file.o ABSOLUTE
    ../clib/scanf.c                          0x00000000   Number         0  scanf_char.o ABSOLUTE
    ../clib/scanf.c                          0x00000000   Number         0  __0scanf.o ABSOLUTE
    ../clib/scanf.c                          0x00000000   Number         0  _scanf_str.o ABSOLUTE
    ../clib/signal.c                         0x00000000   Number         0  defsig_cppl_inner.o ABSOLUTE
    ../clib/signal.c                         0x00000000   Number         0  defsig_pvfn_inner.o ABSOLUTE
    ../clib/signal.c                         0x00000000   Number         0  defsig_stak_inner.o ABSOLUTE
    ../clib/signal.c                         0x00000000   Number         0  defsig_rtred_inner.o ABSOLUTE
    ../clib/signal.c                         0x00000000   Number         0  defsig_rtmem_outer.o ABSOLUTE
    ../clib/signal.c                         0x00000000   Number         0  defsig_fpe_inner.o ABSOLUTE
    ../clib/signal.c                         0x00000000   Number         0  defsig_abrt_inner.o ABSOLUTE
    ../clib/signal.c                         0x00000000   Number         0  defsig_segv_inner.o ABSOLUTE
    ../clib/signal.c                         0x00000000   Number         0  defsig_general.o ABSOLUTE
    ../clib/signal.c                         0x00000000   Number         0  __raise.o ABSOLUTE
    ../clib/signal.c                         0x00000000   Number         0  defsig_rtmem_inner.o ABSOLUTE
    ../clib/signal.c                         0x00000000   Number         0  defsig_exit.o ABSOLUTE
    ../clib/signal.c                         0x00000000   Number         0  defsig_other.o ABSOLUTE
    ../clib/signal.c                         0x00000000   Number         0  defsig_rtmem_formal.o ABSOLUTE
    ../clib/signal.s                         0x00000000   Number         0  defsig.o ABSOLUTE
    ../clib/stdio.c                          0x00000000   Number         0  ferror.o ABSOLUTE
    ../clib/stdio.c                          0x00000000   Number         0  backspace_locked.o ABSOLUTE
    ../clib/stdio.c                          0x00000000   Number         0  ferror_locked.o ABSOLUTE
    ../clib/stdio.c                          0x00000000   Number         0  ungetc.o ABSOLUTE
    ../clib/stdio.c                          0x00000000   Number         0  backspace.o ABSOLUTE
    ../clib/stdlib.c                         0x00000000   Number         0  exit.o ABSOLUTE
    ../fplib/fpinit.s                        0x00000000   Number         0  fpinit.o ABSOLUTE
    Code\EXTI.c                              0x00000000   Number         0  exti.o ABSOLUTE
    Code\I2C.c                               0x00000000   Number         0  i2c.o ABSOLUTE
    Code\Invaders.c                          0x00000000   Number         0  invaders.o ABSOLUTE
    Code\SPI.c                               0x00000000   Number         0  spi.o ABSOLUTE
    Code\SysClock.c                          0x00000000   Number         0  sysclock.o ABSOLUTE
    Code\SysTimer.c                          0x00000000   Number         0  systimer.o ABSOLUTE
    Code\UART.c                              0x00000000   Number         0  uart.o ABSOLUTE
    Code\UART_printf.c                       0x00000000   Number         0  uart_printf.o ABSOLUTE
    Code\\EXTI.c                             0x00000000   Number         0  exti.o ABSOLUTE
    Code\\I2C.c                              0x00000000   Number         0  i2c.o ABSOLUTE
    Code\\Invaders.c                         0x00000000   Number         0  invaders.o ABSOLUTE
    Code\\SPI.c                              0x00000000   Number         0  spi.o ABSOLUTE
    Code\\SysClock.c                         0x00000000   Number         0  sysclock.o ABSOLUTE
    Code\\SysTimer.c                         0x00000000   Number         0  systimer.o ABSOLUTE
    Code\\UART.c                             0x00000000   Number         0  uart.o ABSOLUTE
    Code\\UART_printf.c                      0x00000000   Number         0  uart_printf.o ABSOLUTE
    Code\\main.c                             0x00000000   Number         0  main.o ABSOLUTE
    Code\\ssd1306.c                          0x00000000   Number         0  ssd1306.o ABSOLUTE
    Code\main.c                              0x00000000   Number         0  main.o ABSOLUTE
    Code\ssd1306.c                           0x00000000   Number         0  ssd1306.o ABSOLUTE
    Code\startup_stm32l476xx.s               0x00000000   Number         0  startup_stm32l476xx.o ABSOLUTE
    dc.s                                     0x00000000   Number         0  dc.o ABSOLUTE
    RESET                                    0x08000000   Section      392  startup_stm32l476xx.o(RESET)
    !!!main                                  0x08000188   Section        8  __main.o(!!!main)
    !!!scatter                               0x08000190   Section       52  __scatter.o(!!!scatter)
    !!handler_copy                           0x080001c4   Section       26  __scatter_copy.o(!!handler_copy)
    !!handler_zi                             0x080001e0   Section       28  __scatter_zi.o(!!handler_zi)
    .ARM.Collect$$_printf_percent$$00000000  0x080001fc   Section        0  _printf_percent.o(.ARM.Collect$$_printf_percent$$00000000)
    .ARM.Collect$$_printf_percent$$00000009  0x080001fc   Section        6  _printf_d.o(.ARM.Collect$$_printf_percent$$00000009)
    .ARM.Collect$$_printf_percent$$00000013  0x08000202   Section        6  _printf_c.o(.ARM.Collect$$_printf_percent$$00000013)
    .ARM.Collect$$_printf_percent$$00000017  0x08000208   Section        4  _printf_percent_end.o(.ARM.Collect$$_printf_percent$$00000017)
    .ARM.Collect$$libinit$$00000000          0x0800020c   Section        2  libinit.o(.ARM.Collect$$libinit$$00000000)
    .ARM.Collect$$libinit$$00000001          0x0800020e   Section        4  libinit2.o(.ARM.Collect$$libinit$$00000001)
    .ARM.Collect$$libinit$$00000004          0x08000212   Section        0  libinit2.o(.ARM.Collect$$libinit$$00000004)
    .ARM.Collect$$libinit$$0000000A          0x08000212   Section        0  libinit2.o(.ARM.Collect$$libinit$$0000000A)
    .ARM.Collect$$libinit$$0000000C          0x08000212   Section        0  libinit2.o(.ARM.Collect$$libinit$$0000000C)
    .ARM.Collect$$libinit$$0000000E          0x08000212   Section        0  libinit2.o(.ARM.Collect$$libinit$$0000000E)
    .ARM.Collect$$libinit$$0000000F          0x08000212   Section        6  libinit2.o(.ARM.Collect$$libinit$$0000000F)
    .ARM.Collect$$libinit$$00000011          0x08000218   Section        0  libinit2.o(.ARM.Collect$$libinit$$00000011)
    .ARM.Collect$$libinit$$00000012          0x08000218   Section       12  libinit2.o(.ARM.Collect$$libinit$$00000012)
    .ARM.Collect$$libinit$$00000013          0x08000224   Section        0  libinit2.o(.ARM.Collect$$libinit$$00000013)
    .ARM.Collect$$libinit$$00000015          0x08000224   Section        0  libinit2.o(.ARM.Collect$$libinit$$00000015)
    .ARM.Collect$$libinit$$00000017          0x08000224   Section        0  libinit2.o(.ARM.Collect$$libinit$$00000017)
    .ARM.Collect$$libinit$$00000019          0x08000224   Section        0  libinit2.o(.ARM.Collect$$libinit$$00000019)
    .ARM.Collect$$libinit$$0000001B          0x08000224   Section        0  libinit2.o(.ARM.Collect$$libinit$$0000001B)
    .ARM.Collect$$libinit$$0000001D          0x08000224   Section        0  libinit2.o(.ARM.Collect$$libinit$$0000001D)
    .ARM.Collect$$libinit$$0000001F          0x08000224   Section        0  libinit2.o(.ARM.Collect$$libinit$$0000001F)
    .ARM.Collect$$libinit$$00000021          0x08000224   Section        0  libinit2.o(.ARM.Collect$$libinit$$00000021)
    .ARM.Collect$$libinit$$00000023          0x08000224   Section        0  libinit2.o(.ARM.Collect$$libinit$$00000023)
    .ARM.Collect$$libinit$$00000025          0x08000224   Section        0  libinit2.o(.ARM.Collect$$libinit$$00000025)
    .ARM.Collect$$libinit$$0000002C          0x08000224   Section        0  libinit2.o(.ARM.Collect$$libinit$$0000002C)
    .ARM.Collect$$libinit$$0000002E          0x08000224   Section        0  libinit2.o(.ARM.Collect$$libinit$$0000002E)
    .ARM.Collect$$libinit$$00000030          0x08000224   Section        0  libinit2.o(.ARM.Collect$$libinit$$00000030)
    .ARM.Collect$$libinit$$00000032          0x08000224   Section        0  libinit2.o(.ARM.Collect$$libinit$$00000032)
    .ARM.Collect$$libinit$$00000033          0x08000224   Section        2  libinit2.o(.ARM.Collect$$libinit$$00000033)
    .ARM.Collect$$libshutdown$$00000000      0x08000226   Section        2  libshutdown.o(.ARM.Collect$$libshutdown$$00000000)
    .ARM.Collect$$libshutdown$$00000002      0x08000228   Section        0  libshutdown2.o(.ARM.Collect$$libshutdown$$00000002)
    .ARM.Collect$$libshutdown$$00000004      0x08000228   Section        0  libshutdown2.o(.ARM.Collect$$libshutdown$$00000004)
    .ARM.Collect$$libshutdown$$00000006      0x08000228   Section        0  libshutdown2.o(.ARM.Collect$$libshutdown$$00000006)
    .ARM.Collect$$libshutdown$$00000009      0x08000228   Section        0  libshutdown2.o(.ARM.Collect$$libshutdown$$00000009)
    .ARM.Collect$$libshutdown$$0000000C      0x08000228   Section        0  libshutdown2.o(.ARM.Collect$$libshutdown$$0000000C)
    .ARM.Collect$$libshutdown$$0000000E      0x08000228   Section        0  libshutdown2.o(.ARM.Collect$$libshutdown$$0000000E)
    .ARM.Collect$$libshutdown$$00000011      0x08000228   Section        0  libshutdown2.o(.ARM.Collect$$libshutdown$$00000011)
    .ARM.Collect$$libshutdown$$00000012      0x08000228   Section        2  libshutdown2.o(.ARM.Collect$$libshutdown$$00000012)
    .ARM.Collect$$rtentry$$00000000          0x0800022a   Section        0  __rtentry.o(.ARM.Collect$$rtentry$$00000000)
    .ARM.Collect$$rtentry$$00000002          0x0800022a   Section        0  __rtentry2.o(.ARM.Collect$$rtentry$$00000002)
    .ARM.Collect$$rtentry$$00000004          0x0800022a   Section        6  __rtentry4.o(.ARM.Collect$$rtentry$$00000004)
    .ARM.Collect$$rtentry$$00000009          0x08000230   Section        0  __rtentry2.o(.ARM.Collect$$rtentry$$00000009)
    .ARM.Collect$$rtentry$$0000000A          0x08000230   Section        4  __rtentry2.o(.ARM.Collect$$rtentry$$0000000A)
    .ARM.Collect$$rtentry$$0000000C          0x08000234   Section        0  __rtentry2.o(.ARM.Collect$$rtentry$$0000000C)
    .ARM.Collect$$rtentry$$0000000D          0x08000234   Section        8  __rtentry2.o(.ARM.Collect$$rtentry$$0000000D)
    .ARM.Collect$$rtexit$$00000000           0x0800023c   Section        2  rtexit.o(.ARM.Collect$$rtexit$$00000000)
    .ARM.Collect$$rtexit$$00000002           0x0800023e   Section        0  rtexit2.o(.ARM.Collect$$rtexit$$00000002)
    .ARM.Collect$$rtexit$$00000003           0x0800023e   Section        4  rtexit2.o(.ARM.Collect$$rtexit$$00000003)
    .ARM.Collect$$rtexit$$00000004           0x08000242   Section        6  rtexit2.o(.ARM.Collect$$rtexit$$00000004)
    .text                                    0x08000248   Section      132  startup_stm32l476xx.o(.text)
    $v0                                      0x08000248   Number         0  startup_stm32l476xx.o(.text)
    .text                                    0x080002cc   Section        0  noretval__2printf.o(.text)
    .text                                    0x080002e4   Section        0  __printf.o(.text)
    .text                                    0x0800034c   Section        0  _printf_str.o(.text)
    .text                                    0x080003a0   Section        0  _printf_dec.o(.text)
    .text                                    0x08000418   Section        0  __0scanf.o(.text)
    .text                                    0x08000438   Section        0  _scanf_str.o(.text)
    .text                                    0x0800051e   Section        0  heapauxi.o(.text)
    .text                                    0x08000524   Section        0  _printf_intcommon.o(.text)
    .text                                    0x080005d6   Section        0  _printf_char.o(.text)
    .text                                    0x08000604   Section        0  _printf_char_file.o(.text)
    .text                                    0x08000628   Section        0  scanf_char_file.o(.text)
    .text                                    0x08000640   Section        0  _printf_char_common.o(.text)
    _printf_input_char                       0x08000641   Thumb Code    10  _printf_char_common.o(.text)
    .text                                    0x08000670   Section        0  scanf_char.o(.text)
    _scanf_char_input                        0x08000671   Thumb Code    12  scanf_char.o(.text)
    .text                                    0x0800069c   Section        0  backspace.o(.text)
    .text                                    0x080006e4   Section        0  ferror.o(.text)
    .text                                    0x080006ec   Section       74  sys_stackheap_outer.o(.text)
    .text                                    0x08000736   Section        0  isspace.o(.text)
    .text                                    0x08000748   Section        0  _scanf.o(.text)
    .text                                    0x08000ac4   Section        0  ungetc.o(.text)
    .text                                    0x08000b0c   Section        0  exit.o(.text)
    .text                                    0x08000b20   Section        8  libspace.o(.text)
    .text                                    0x08000b28   Section       16  rt_ctype_table.o(.text)
    .text                                    0x08000b38   Section        8  rt_locale_intlibspace.o(.text)
    .text                                    0x08000b40   Section        0  sys_exit.o(.text)
    .text                                    0x08000b4c   Section      128  strcmpv7m.o(.text)
    .text                                    0x08000bcc   Section        2  use_no_semi.o(.text)
    .text                                    0x08000bce   Section        0  indicate_semi.o(.text)
    i.Display_Scores                         0x08000bd0   Section        0  invaders.o(i.Display_Scores)
    i.EXTI15_10_IRQHandler                   0x08000d2c   Section        0  exti.o(i.EXTI15_10_IRQHandler)
    i.EXTI9_5_IRQHandler                     0x08000d68   Section        0  exti.o(i.EXTI9_5_IRQHandler)
    i.EXTI_Button_Init                       0x08000dd8   Section        0  exti.o(i.EXTI_Button_Init)
    i.EXTI_Init                              0x08000f0c   Section        0  exti.o(i.EXTI_Init)
    i.Game_Init                              0x08000fa0   Section        0  invaders.o(i.Game_Init)
    i.Game_Input_Initials                    0x080010d8   Section        0  invaders.o(i.Game_Input_Initials)
    i.Game_Over                              0x08001398   Section        0  invaders.o(i.Game_Over)
    i.Game_Print                             0x08001434   Section        0  invaders.o(i.Game_Print)
    i.Game_Show_Initials                     0x080014e8   Section        0  invaders.o(i.Game_Show_Initials)
    i.Game_Start_Menu                        0x080015dc   Section        0  invaders.o(i.Game_Start_Menu)
    i.Game_Update                            0x0800170c   Section        0  invaders.o(i.Game_Update)
    i.Game_Update_Projectiles                0x0800196c   Section        0  invaders.o(i.Game_Update_Projectiles)
    i.Get_High_Score                         0x08001b00   Section        0  invaders.o(i.Get_High_Score)
    i.Get_Score                              0x08001b24   Section        0  invaders.o(i.Get_Score)
    i.I2C_GPIO_Init                          0x08001bf4   Section        0  i2c.o(i.I2C_GPIO_Init)
    i.I2C_Initialization                     0x08001cc4   Section        0  i2c.o(i.I2C_Initialization)
    i.I2C_SendData                           0x08001e1c   Section        0  i2c.o(i.I2C_SendData)
    i.I2C_SendReceiveData                    0x08001e98   Section        0  i2c.o(i.I2C_SendReceiveData)
    i.I2C_Start                              0x08001f78   Section        0  i2c.o(i.I2C_Start)
    i.I2C_Stop                               0x08001fb4   Section        0  i2c.o(i.I2C_Stop)
    i.I2C_WaitLineIdle                       0x08001fca   Section        0  i2c.o(i.I2C_WaitLineIdle)
    i.Init_USARTx                            0x08001fdc   Section        0  main.o(i.Init_USARTx)
    i.Print_Score                            0x08002010   Section        0  invaders.o(i.Print_Score)
    i.SysTick_Handler                        0x08002058   Section        0  systimer.o(i.SysTick_Handler)
    i.SysTick_Init                           0x08002068   Section        0  systimer.o(i.SysTick_Init)
    i.System_Clock_Init                      0x080020f4   Section        0  sysclock.o(i.System_Clock_Init)
    i.UART1_GPIO_Init                        0x08002278   Section        0  uart.o(i.UART1_GPIO_Init)
    i.UART1_Init                             0x0800227a   Section        0  uart.o(i.UART1_Init)
    i.UART2_GPIO_Init                        0x0800227c   Section        0  uart.o(i.UART2_GPIO_Init)
    i.UART2_Init                             0x08002334   Section        0  uart.o(i.UART2_Init)
    i.USART_Delay                            0x08002364   Section        0  uart.o(i.USART_Delay)
    i.USART_Init                             0x08002378   Section        0  uart.o(i.USART_Init)
    i.USART_Read                             0x080023b8   Section        0  uart.o(i.USART_Read)
    i.USART_Write                            0x080023cc   Section        0  uart.o(i.USART_Write)
    i.Write_High_Score                       0x0800240c   Section        0  invaders.o(i.Write_High_Score)
    i.Write_Score                            0x08002470   Section        0  invaders.o(i.Write_Score)
    i.__NVIC_EnableIRQ                       0x080024b2   Section        0  exti.o(i.__NVIC_EnableIRQ)
    __NVIC_EnableIRQ                         0x080024b3   Thumb Code    34  exti.o(i.__NVIC_EnableIRQ)
    i.__NVIC_SetPriority                     0x080024d4   Section        0  exti.o(i.__NVIC_SetPriority)
    __NVIC_SetPriority                       0x080024d5   Thumb Code    32  exti.o(i.__NVIC_SetPriority)
    i.delay                                  0x080024fc   Section        0  systimer.o(i.delay)
    i.fgetc                                  0x08002518   Section        0  uart_printf.o(i.fgetc)
    i.fputc                                  0x0800252c   Section        0  uart_printf.o(i.fputc)
    i.main                                   0x08002548   Section        0  main.o(i.main)
    locale$$code                             0x080025fc   Section       44  lc_ctype_c.o(locale$$code)
    x$fpl$fpinit                             0x08002628   Section       10  fpinit.o(x$fpl$fpinit)
    $v0                                      0x08002628   Number         0  fpinit.o(x$fpl$fpinit)
    locale$$data                             0x08002654   Section      272  lc_ctype_c.o(locale$$data)
    __lcctype_c_name                         0x08002658   Data           2  lc_ctype_c.o(locale$$data)
    __lcctype_c_start                        0x08002660   Data           0  lc_ctype_c.o(locale$$data)
    __lcctype_c_end                          0x08002764   Data           0  lc_ctype_c.o(locale$$data)
    .data                                    0x20000000   Section        4  exti.o(.data)
    .data                                    0x20000004   Section        4  systimer.o(.data)
    .data                                    0x20000008   Section        8  uart_printf.o(.data)
    .data                                    0x20000010   Section       30  invaders.o(.data)
    .bss                                     0x20000030   Section     1836  invaders.o(.bss)
    .bss                                     0x2000075c   Section       96  libspace.o(.bss)
    HEAP                                     0x200007c0   Section      512  startup_stm32l476xx.o(HEAP)
    Heap_Mem                                 0x200007c0   Data         512  startup_stm32l476xx.o(HEAP)
    STACK                                    0x200009c0   Section     1024  startup_stm32l476xx.o(STACK)
    Stack_Mem                                0x200009c0   Data        1024  startup_stm32l476xx.o(STACK)
    __initial_sp                             0x20000dc0   Data           0  startup_stm32l476xx.o(STACK)

    Global Symbols

    Symbol Name                              Value     Ov Type        Size  Object(Section)

    BuildAttributes$$THM_ISAv4$E$P$D$K$B$S$7EM$VFPi3$EXTD16$VFPS$VFMA$PE$A:L22UL41UL21$X:L11$S22US41US21$IEEE1$IW$USESV6$~STKCKD$USESV7$~SHL$OSPACE$ROPI$EBA8$UX$STANDARDLIB$REQ8$PRES8$EABIv2 0x00000000   Number         0  anon$$obj.o ABSOLUTE
    Image$$ER_IROM1$$RW$$Length              0x00000000   Number         0  anon$$obj.o ABSOLUTE
    Image$$ER_IROM1$$ZI$$Length              0x00000000   Number         0  anon$$obj.o ABSOLUTE
    Image$$RW_IRAM1$$RO$$Length              0x00000000   Number         0  anon$$obj.o ABSOLUTE
    __ARM_use_no_argv                        0x00000000   Number         0  main.o ABSOLUTE
    __ARM_exceptions_init                     - Undefined Weak Reference
    __alloca_initialize                       - Undefined Weak Reference
    __arm_fini_                               - Undefined Weak Reference
    __arm_preinit_                            - Undefined Weak Reference
    __cpp_initialize__aeabi_                  - Undefined Weak Reference
    __cxa_finalize                            - Undefined Weak Reference
    __sigvec_lookup                           - Undefined Weak Reference
    _atexit_init                              - Undefined Weak Reference
    _call_atexit_fns                          - Undefined Weak Reference
    _clock_init                               - Undefined Weak Reference
    _fp_trap_init                             - Undefined Weak Reference
    _fp_trap_shutdown                         - Undefined Weak Reference
    _get_lc_collate                           - Undefined Weak Reference
    _get_lc_monetary                          - Undefined Weak Reference
    _get_lc_numeric                           - Undefined Weak Reference
    _get_lc_time                              - Undefined Weak Reference
    _getenv_init                              - Undefined Weak Reference
    _handle_redirection                       - Undefined Weak Reference
    _init_alloc                               - Undefined Weak Reference
    _init_user_alloc                          - Undefined Weak Reference
    _initio                                   - Undefined Weak Reference
    _mutex_acquire                            - Undefined Weak Reference
    _mutex_release                            - Undefined Weak Reference
    _printf_mbtowc                            - Undefined Weak Reference
    _printf_post_padding                      - Undefined Weak Reference
    _printf_pre_padding                       - Undefined Weak Reference
    _printf_truncate_signed                   - Undefined Weak Reference
    _printf_truncate_unsigned                 - Undefined Weak Reference
    _rand_init                                - Undefined Weak Reference
    _scanf_int                                - Undefined Weak Reference
    _scanf_longlong                           - Undefined Weak Reference
    _scanf_mbtowc                             - Undefined Weak Reference
    _scanf_real                               - Undefined Weak Reference
    _scanf_wctomb                             - Undefined Weak Reference
    _scanf_wstring                            - Undefined Weak Reference
    _signal_finish                            - Undefined Weak Reference
    _signal_init                              - Undefined Weak Reference
    _terminate_alloc                          - Undefined Weak Reference
    _terminate_user_alloc                     - Undefined Weak Reference
    _terminateio                              - Undefined Weak Reference
    Image$$RW_IRAM1$$Length                  0x00000030   Number         0  anon$$obj.o ABSOLUTE
    Image$$RW_IRAM1$$RW$$Length              0x00000030   Number         0  anon$$obj.o ABSOLUTE
    __Vectors_Size                           0x00000188   Number         0  startup_stm32l476xx.o ABSOLUTE
    Image$$RW_IRAM1$$ZI$$Length              0x00000d90   Number         0  anon$$obj.o ABSOLUTE
    Image$$ER_IROM1$$RO$$Length              0x00002764   Number         0  anon$$obj.o ABSOLUTE
    Image$$ER_IROM1$$RO$$Base                0x08000000   Number         0  anon$$obj.o ABSOLUTE
    Load$$ER_IROM1$$Base                     0x08000000   Number         0  anon$$obj.o ABSOLUTE
    __Vectors                                0x08000000   Data           4  startup_stm32l476xx.o(RESET)
    __Vectors_End                            0x08000188   Data           0  startup_stm32l476xx.o(RESET)
    __main                                   0x08000189   Thumb Code     8  __main.o(!!!main)
    __scatterload                            0x08000191   Thumb Code     0  __scatter.o(!!!scatter)
    __scatterload_rt2                        0x08000191   Thumb Code    44  __scatter.o(!!!scatter)
    __scatterload_rt2_thumb_only             0x08000191   Thumb Code     0  __scatter.o(!!!scatter)
    __scatterload_null                       0x0800019f   Thumb Code     0  __scatter.o(!!!scatter)
    __scatterload_copy                       0x080001c5   Thumb Code    26  __scatter_copy.o(!!handler_copy)
    __scatterload_zeroinit                   0x080001e1   Thumb Code    28  __scatter_zi.o(!!handler_zi)
    _printf_d                                0x080001fd   Thumb Code     0  _printf_d.o(.ARM.Collect$$_printf_percent$$00000009)
    _printf_percent                          0x080001fd   Thumb Code     0  _printf_percent.o(.ARM.Collect$$_printf_percent$$00000000)
    _printf_c                                0x08000203   Thumb Code     0  _printf_c.o(.ARM.Collect$$_printf_percent$$00000013)
    _printf_percent_end                      0x08000209   Thumb Code     0  _printf_percent_end.o(.ARM.Collect$$_printf_percent$$00000017)
    __rt_lib_init                            0x0800020d   Thumb Code     0  libinit.o(.ARM.Collect$$libinit$$00000000)
    __rt_lib_init_fp_1                       0x0800020f   Thumb Code     0  libinit2.o(.ARM.Collect$$libinit$$00000001)
    __rt_lib_init_heap_1                     0x08000213   Thumb Code     0  libinit2.o(.ARM.Collect$$libinit$$0000000A)
    __rt_lib_init_lc_common                  0x08000213   Thumb Code     0  libinit2.o(.ARM.Collect$$libinit$$0000000F)
    __rt_lib_init_preinit_1                  0x08000213   Thumb Code     0  libinit2.o(.ARM.Collect$$libinit$$00000004)
    __rt_lib_init_rand_1                     0x08000213   Thumb Code     0  libinit2.o(.ARM.Collect$$libinit$$0000000E)
    __rt_lib_init_user_alloc_1               0x08000213   Thumb Code     0  libinit2.o(.ARM.Collect$$libinit$$0000000C)
    __rt_lib_init_lc_collate_1               0x08000219   Thumb Code     0  libinit2.o(.ARM.Collect$$libinit$$00000011)
    __rt_lib_init_lc_ctype_2                 0x08000219   Thumb Code     0  libinit2.o(.ARM.Collect$$libinit$$00000012)
    __rt_lib_init_alloca_1                   0x08000225   Thumb Code     0  libinit2.o(.ARM.Collect$$libinit$$0000002E)
    __rt_lib_init_argv_1                     0x08000225   Thumb Code     0  libinit2.o(.ARM.Collect$$libinit$$0000002C)
    __rt_lib_init_atexit_1                   0x08000225   Thumb Code     0  libinit2.o(.ARM.Collect$$libinit$$0000001B)
    __rt_lib_init_clock_1                    0x08000225   Thumb Code     0  libinit2.o(.ARM.Collect$$libinit$$00000021)
    __rt_lib_init_cpp_1                      0x08000225   Thumb Code     0  libinit2.o(.ARM.Collect$$libinit$$00000032)
    __rt_lib_init_exceptions_1               0x08000225   Thumb Code     0  libinit2.o(.ARM.Collect$$libinit$$00000030)
    __rt_lib_init_fp_trap_1                  0x08000225   Thumb Code     0  libinit2.o(.ARM.Collect$$libinit$$0000001F)
    __rt_lib_init_getenv_1                   0x08000225   Thumb Code     0  libinit2.o(.ARM.Collect$$libinit$$00000023)
    __rt_lib_init_lc_ctype_1                 0x08000225   Thumb Code     0  libinit2.o(.ARM.Collect$$libinit$$00000013)
    __rt_lib_init_lc_monetary_1              0x08000225   Thumb Code     0  libinit2.o(.ARM.Collect$$libinit$$00000015)
    __rt_lib_init_lc_numeric_1               0x08000225   Thumb Code     0  libinit2.o(.ARM.Collect$$libinit$$00000017)
    __rt_lib_init_lc_time_1                  0x08000225   Thumb Code     0  libinit2.o(.ARM.Collect$$libinit$$00000019)
    __rt_lib_init_return                     0x08000225   Thumb Code     0  libinit2.o(.ARM.Collect$$libinit$$00000033)
    __rt_lib_init_signal_1                   0x08000225   Thumb Code     0  libinit2.o(.ARM.Collect$$libinit$$0000001D)
    __rt_lib_init_stdio_1                    0x08000225   Thumb Code     0  libinit2.o(.ARM.Collect$$libinit$$00000025)
    __rt_lib_shutdown                        0x08000227   Thumb Code     0  libshutdown.o(.ARM.Collect$$libshutdown$$00000000)
    __rt_lib_shutdown_cpp_1                  0x08000229   Thumb Code     0  libshutdown2.o(.ARM.Collect$$libshutdown$$00000004)
    __rt_lib_shutdown_fini_1                 0x08000229   Thumb Code     0  libshutdown2.o(.ARM.Collect$$libshutdown$$00000002)
    __rt_lib_shutdown_fp_trap_1              0x08000229   Thumb Code     0  libshutdown2.o(.ARM.Collect$$libshutdown$$00000009)
    __rt_lib_shutdown_heap_1                 0x08000229   Thumb Code     0  libshutdown2.o(.ARM.Collect$$libshutdown$$00000011)
    __rt_lib_shutdown_return                 0x08000229   Thumb Code     0  libshutdown2.o(.ARM.Collect$$libshutdown$$00000012)
    __rt_lib_shutdown_signal_1               0x08000229   Thumb Code     0  libshutdown2.o(.ARM.Collect$$libshutdown$$0000000C)
    __rt_lib_shutdown_stdio_1                0x08000229   Thumb Code     0  libshutdown2.o(.ARM.Collect$$libshutdown$$00000006)
    __rt_lib_shutdown_user_alloc_1           0x08000229   Thumb Code     0  libshutdown2.o(.ARM.Collect$$libshutdown$$0000000E)
    __rt_entry                               0x0800022b   Thumb Code     0  __rtentry.o(.ARM.Collect$$rtentry$$00000000)
    __rt_entry_presh_1                       0x0800022b   Thumb Code     0  __rtentry2.o(.ARM.Collect$$rtentry$$00000002)
    __rt_entry_sh                            0x0800022b   Thumb Code     0  __rtentry4.o(.ARM.Collect$$rtentry$$00000004)
    __rt_entry_li                            0x08000231   Thumb Code     0  __rtentry2.o(.ARM.Collect$$rtentry$$0000000A)
    __rt_entry_postsh_1                      0x08000231   Thumb Code     0  __rtentry2.o(.ARM.Collect$$rtentry$$00000009)
    __rt_entry_main                          0x08000235   Thumb Code     0  __rtentry2.o(.ARM.Collect$$rtentry$$0000000D)
    __rt_entry_postli_1                      0x08000235   Thumb Code     0  __rtentry2.o(.ARM.Collect$$rtentry$$0000000C)
    __rt_exit                                0x0800023d   Thumb Code     0  rtexit.o(.ARM.Collect$$rtexit$$00000000)
    __rt_exit_ls                             0x0800023f   Thumb Code     0  rtexit2.o(.ARM.Collect$$rtexit$$00000003)
    __rt_exit_prels_1                        0x0800023f   Thumb Code     0  rtexit2.o(.ARM.Collect$$rtexit$$00000002)
    __rt_exit_exit                           0x08000243   Thumb Code     0  rtexit2.o(.ARM.Collect$$rtexit$$00000004)
    Reset_Handler                            0x08000249   Thumb Code    60  startup_stm32l476xx.o(.text)
    NMI_Handler                              0x08000285   Thumb Code     2  startup_stm32l476xx.o(.text)
    HardFault_Handler                        0x08000287   Thumb Code     2  startup_stm32l476xx.o(.text)
    MemManage_Handler                        0x08000289   Thumb Code     2  startup_stm32l476xx.o(.text)
    BusFault_Handler                         0x0800028b   Thumb Code     2  startup_stm32l476xx.o(.text)
    UsageFault_Handler                       0x0800028d   Thumb Code     2  startup_stm32l476xx.o(.text)
    SVC_Handler                              0x0800028f   Thumb Code     2  startup_stm32l476xx.o(.text)
    DebugMon_Handler                         0x08000291   Thumb Code     2  startup_stm32l476xx.o(.text)
    PendSV_Handler                           0x08000293   Thumb Code     2  startup_stm32l476xx.o(.text)
    ADC1_2_IRQHandler                        0x08000297   Thumb Code     0  startup_stm32l476xx.o(.text)
    ADC3_IRQHandler                          0x08000297   Thumb Code     0  startup_stm32l476xx.o(.text)
    CAN1_RX0_IRQHandler                      0x08000297   Thumb Code     0  startup_stm32l476xx.o(.text)
    CAN1_RX1_IRQHandler                      0x08000297   Thumb Code     0  startup_stm32l476xx.o(.text)
    CAN1_SCE_IRQHandler                      0x08000297   Thumb Code     0  startup_stm32l476xx.o(.text)
    CAN1_TX_IRQHandler                       0x08000297   Thumb Code     0  startup_stm32l476xx.o(.text)
    COMP_IRQHandler                          0x08000297   Thumb Code     0  startup_stm32l476xx.o(.text)
    DFSDM0_IRQHandler                        0x08000297   Thumb Code     0  startup_stm32l476xx.o(.text)
    DFSDM1_IRQHandler                        0x08000297   Thumb Code     0  startup_stm32l476xx.o(.text)
    DFSDM2_IRQHandler                        0x08000297   Thumb Code     0  startup_stm32l476xx.o(.text)
    DFSDM3_IRQHandler                        0x08000297   Thumb Code     0  startup_stm32l476xx.o(.text)
    DMA1_Channel1_IRQHandler                 0x08000297   Thumb Code     0  startup_stm32l476xx.o(.text)
    DMA1_Channel2_IRQHandler                 0x08000297   Thumb Code     0  startup_stm32l476xx.o(.text)
    DMA1_Channel3_IRQHandler                 0x08000297   Thumb Code     0  startup_stm32l476xx.o(.text)
    DMA1_Channel4_IRQHandler                 0x08000297   Thumb Code     0  startup_stm32l476xx.o(.text)
    DMA1_Channel5_IRQHandler                 0x08000297   Thumb Code     0  startup_stm32l476xx.o(.text)
    DMA1_Channel6_IRQHandler                 0x08000297   Thumb Code     0  startup_stm32l476xx.o(.text)
    DMA1_Channel7_IRQHandler                 0x08000297   Thumb Code     0  startup_stm32l476xx.o(.text)
    DMA2_Channel1_IRQHandler                 0x08000297   Thumb Code     0  startup_stm32l476xx.o(.text)
    DMA2_Channel2_IRQHandler                 0x08000297   Thumb Code     0  startup_stm32l476xx.o(.text)
    DMA2_Channel3_IRQHandler                 0x08000297   Thumb Code     0  startup_stm32l476xx.o(.text)
    DMA2_Channel4_IRQHandler                 0x08000297   Thumb Code     0  startup_stm32l476xx.o(.text)
    DMA2_Channel5_IRQHandler                 0x08000297   Thumb Code     0  startup_stm32l476xx.o(.text)
    DMA2_Channel6_IRQHandler                 0x08000297   Thumb Code     0  startup_stm32l476xx.o(.text)
    DMA2_Channel7_IRQHandler                 0x08000297   Thumb Code     0  startup_stm32l476xx.o(.text)
    EXTI0_IRQHandler                         0x08000297   Thumb Code     0  startup_stm32l476xx.o(.text)
    EXTI1_IRQHandler                         0x08000297   Thumb Code     0  startup_stm32l476xx.o(.text)
    EXTI2_IRQHandler                         0x08000297   Thumb Code     0  startup_stm32l476xx.o(.text)
    EXTI3_IRQHandler                         0x08000297   Thumb Code     0  startup_stm32l476xx.o(.text)
    EXTI4_IRQHandler                         0x08000297   Thumb Code     0  startup_stm32l476xx.o(.text)
    FLASH_IRQHandler                         0x08000297   Thumb Code     0  startup_stm32l476xx.o(.text)
    FMC_IRQHandler                           0x08000297   Thumb Code     0  startup_stm32l476xx.o(.text)
    FPU_IRQHandler                           0x08000297   Thumb Code     0  startup_stm32l476xx.o(.text)
    I2C1_ER_IRQHandler                       0x08000297   Thumb Code     0  startup_stm32l476xx.o(.text)
    I2C1_EV_IRQHandler                       0x08000297   Thumb Code     0  startup_stm32l476xx.o(.text)
    I2C2_ER_IRQHandler                       0x08000297   Thumb Code     0  startup_stm32l476xx.o(.text)
    I2C2_EV_IRQHandler                       0x08000297   Thumb Code     0  startup_stm32l476xx.o(.text)
    I2C3_ER_IRQHandler                       0x08000297   Thumb Code     0  startup_stm32l476xx.o(.text)
    I2C3_EV_IRQHandler                       0x08000297   Thumb Code     0  startup_stm32l476xx.o(.text)
    LCD_IRQHandler                           0x08000297   Thumb Code     0  startup_stm32l476xx.o(.text)
    LPTIM1_IRQHandler                        0x08000297   Thumb Code     0  startup_stm32l476xx.o(.text)
    LPTIM2_IRQHandler                        0x08000297   Thumb Code     0  startup_stm32l476xx.o(.text)
    LPUART1_IRQHandler                       0x08000297   Thumb Code     0  startup_stm32l476xx.o(.text)
    OTG_FS_IRQHandler                        0x08000297   Thumb Code     0  startup_stm32l476xx.o(.text)
    PVD_PVM_IRQHandler                       0x08000297   Thumb Code     0  startup_stm32l476xx.o(.text)
    QUADSPI_IRQHandler                       0x08000297   Thumb Code     0  startup_stm32l476xx.o(.text)
    RCC_IRQHandler                           0x08000297   Thumb Code     0  startup_stm32l476xx.o(.text)
    RNG_IRQHandler                           0x08000297   Thumb Code     0  startup_stm32l476xx.o(.text)
    RTC_Alarm_IRQHandler                     0x08000297   Thumb Code     0  startup_stm32l476xx.o(.text)
    RTC_WKUP_IRQHandler                      0x08000297   Thumb Code     0  startup_stm32l476xx.o(.text)
    SAI1_IRQHandler                          0x08000297   Thumb Code     0  startup_stm32l476xx.o(.text)
    SAI2_IRQHandler                          0x08000297   Thumb Code     0  startup_stm32l476xx.o(.text)
    SDMMC1_IRQHandler                        0x08000297   Thumb Code     0  startup_stm32l476xx.o(.text)
    SPI1_IRQHandler                          0x08000297   Thumb Code     0  startup_stm32l476xx.o(.text)
    SPI2_IRQHandler                          0x08000297   Thumb Code     0  startup_stm32l476xx.o(.text)
    SPI3_IRQHandler                          0x08000297   Thumb Code     0  startup_stm32l476xx.o(.text)
    SWPMI1_IRQHandler                        0x08000297   Thumb Code     0  startup_stm32l476xx.o(.text)
    TAMP_STAMP_IRQHandler                    0x08000297   Thumb Code     0  startup_stm32l476xx.o(.text)
    TIM1_BRK_TIM15_IRQHandler                0x08000297   Thumb Code     0  startup_stm32l476xx.o(.text)
    TIM1_CC_IRQHandler                       0x08000297   Thumb Code     0  startup_stm32l476xx.o(.text)
    TIM1_TRG_COM_TIM17_IRQHandler            0x08000297   Thumb Code     0  startup_stm32l476xx.o(.text)
    TIM1_UP_TIM16_IRQHandler                 0x08000297   Thumb Code     0  startup_stm32l476xx.o(.text)
    TIM2_IRQHandler                          0x08000297   Thumb Code     0  startup_stm32l476xx.o(.text)
    TIM3_IRQHandler                          0x08000297   Thumb Code     0  startup_stm32l476xx.o(.text)
    TIM4_IRQHandler                          0x08000297   Thumb Code     0  startup_stm32l476xx.o(.text)
    TIM5_IRQHandler                          0x08000297   Thumb Code     0  startup_stm32l476xx.o(.text)
    TIM6_DAC_IRQHandler                      0x08000297   Thumb Code     0  startup_stm32l476xx.o(.text)
    TIM7_IRQHandler                          0x08000297   Thumb Code     0  startup_stm32l476xx.o(.text)
    TIM8_BRK_IRQHandler                      0x08000297   Thumb Code     0  startup_stm32l476xx.o(.text)
    TIM8_CC_IRQHandler                       0x08000297   Thumb Code     0  startup_stm32l476xx.o(.text)
    TIM8_TRG_COM_IRQHandler                  0x08000297   Thumb Code     0  startup_stm32l476xx.o(.text)
    TIM8_UP_IRQHandler                       0x08000297   Thumb Code     0  startup_stm32l476xx.o(.text)
    TSC_IRQHandler                           0x08000297   Thumb Code     0  startup_stm32l476xx.o(.text)
    UART4_IRQHandler                         0x08000297   Thumb Code     0  startup_stm32l476xx.o(.text)
    UART5_IRQHandler                         0x08000297   Thumb Code     0  startup_stm32l476xx.o(.text)
    USART1_IRQHandler                        0x08000297   Thumb Code     0  startup_stm32l476xx.o(.text)
    USART2_IRQHandler                        0x08000297   Thumb Code     0  startup_stm32l476xx.o(.text)
    USART3_IRQHandler                        0x08000297   Thumb Code     0  startup_stm32l476xx.o(.text)
    WWDG_IRQHandler                          0x08000297   Thumb Code     0  startup_stm32l476xx.o(.text)
    __user_initial_stackheap                 0x08000299   Thumb Code     0  startup_stm32l476xx.o(.text)
    __2printf                                0x080002cd   Thumb Code    20  noretval__2printf.o(.text)
    __printf                                 0x080002e5   Thumb Code   104  __printf.o(.text)
    _printf_str                              0x0800034d   Thumb Code    82  _printf_str.o(.text)
    _printf_int_dec                          0x080003a1   Thumb Code   104  _printf_dec.o(.text)
    __0scanf                                 0x08000419   Thumb Code    26  __0scanf.o(.text)
    _scanf_string                            0x08000439   Thumb Code   224  _scanf_str.o(.text)
    __use_two_region_memory                  0x0800051f   Thumb Code     2  heapauxi.o(.text)
    __rt_heap_escrow$2region                 0x08000521   Thumb Code     2  heapauxi.o(.text)
    __rt_heap_expand$2region                 0x08000523   Thumb Code     2  heapauxi.o(.text)
    _printf_int_common                       0x08000525   Thumb Code   178  _printf_intcommon.o(.text)
    _printf_cs_common                        0x080005d7   Thumb Code    20  _printf_char.o(.text)
    _printf_char                             0x080005eb   Thumb Code    16  _printf_char.o(.text)
    _printf_string                           0x080005fb   Thumb Code     8  _printf_char.o(.text)
    _printf_char_file                        0x08000605   Thumb Code    32  _printf_char_file.o(.text)
    __vfscanf_char_file                      0x08000629   Thumb Code    16  scanf_char_file.o(.text)
    _printf_char_common                      0x0800064b   Thumb Code    32  _printf_char_common.o(.text)
    __vfscanf_char                           0x0800067d   Thumb Code    24  scanf_char.o(.text)
    ___backspace$unlocked                    0x0800069d   Thumb Code     2  backspace.o(.text)
    __backspace                              0x0800069f   Thumb Code    70  backspace.o(.text)
    ferror                                   0x080006e5   Thumb Code     8  ferror.o(.text)
    __user_setup_stackheap                   0x080006ed   Thumb Code    74  sys_stackheap_outer.o(.text)
    isspace                                  0x08000737   Thumb Code    18  isspace.o(.text)
    __vfscanf                                0x08000749   Thumb Code   880  _scanf.o(.text)
    _ungetc_internal                         0x08000ac5   Thumb Code    60  ungetc.o(.text)
    ungetc                                   0x08000ac5   Thumb Code     0  ungetc.o(.text)
    exit                                     0x08000b0d   Thumb Code    18  exit.o(.text)
    __user_libspace                          0x08000b21   Thumb Code     8  libspace.o(.text)
    __user_perproc_libspace                  0x08000b21   Thumb Code     0  libspace.o(.text)
    __user_perthread_libspace                0x08000b21   Thumb Code     0  libspace.o(.text)
    __rt_ctype_table                         0x08000b29   Thumb Code    16  rt_ctype_table.o(.text)
    __rt_locale                              0x08000b39   Thumb Code     8  rt_locale_intlibspace.o(.text)
    _sys_exit                                0x08000b41   Thumb Code     8  sys_exit.o(.text)
    strcmp                                   0x08000b4d   Thumb Code   128  strcmpv7m.o(.text)
    __I$use$semihosting                      0x08000bcd   Thumb Code     0  use_no_semi.o(.text)
    __use_no_semihosting_swi                 0x08000bcd   Thumb Code     2  use_no_semi.o(.text)
    __semihosting_library_function           0x08000bcf   Thumb Code     0  indicate_semi.o(.text)
    Display_Scores                           0x08000bd1   Thumb Code   264  invaders.o(i.Display_Scores)
    EXTI15_10_IRQHandler                     0x08000d2d   Thumb Code    42  exti.o(i.EXTI15_10_IRQHandler)
    EXTI9_5_IRQHandler                       0x08000d69   Thumb Code    98  exti.o(i.EXTI9_5_IRQHandler)
    EXTI_Button_Init                         0x08000dd9   Thumb Code   292  exti.o(i.EXTI_Button_Init)
    EXTI_Init                                0x08000f0d   Thumb Code   132  exti.o(i.EXTI_Init)
    Game_Init                                0x08000fa1   Thumb Code   268  invaders.o(i.Game_Init)
    Game_Input_Initials                      0x080010d9   Thumb Code   584  invaders.o(i.Game_Input_Initials)
    Game_Over                                0x08001399   Thumb Code   120  invaders.o(i.Game_Over)
    Game_Print                               0x08001435   Thumb Code   110  invaders.o(i.Game_Print)
    Game_Show_Initials                       0x080014e9   Thumb Code   194  invaders.o(i.Game_Show_Initials)
    Game_Start_Menu                          0x080015dd   Thumb Code   188  invaders.o(i.Game_Start_Menu)
    Game_Update                              0x0800170d   Thumb Code   568  invaders.o(i.Game_Update)
    Game_Update_Projectiles                  0x0800196d   Thumb Code   380  invaders.o(i.Game_Update_Projectiles)
    Get_High_Score                           0x08001b01   Thumb Code    34  invaders.o(i.Get_High_Score)
    Get_Score                                0x08001b25   Thumb Code   182  invaders.o(i.Get_Score)
    I2C_GPIO_Init                            0x08001bf5   Thumb Code   200  i2c.o(i.I2C_GPIO_Init)
    I2C_Initialization                       0x08001cc5   Thumb Code   334  i2c.o(i.I2C_Initialization)
    I2C_SendData                             0x08001e1d   Thumb Code   124  i2c.o(i.I2C_SendData)
    I2C_SendReceiveData                      0x08001e99   Thumb Code   222  i2c.o(i.I2C_SendReceiveData)
    I2C_Start                                0x08001f79   Thumb Code    54  i2c.o(i.I2C_Start)
    I2C_Stop                                 0x08001fb5   Thumb Code    22  i2c.o(i.I2C_Stop)
    I2C_WaitLineIdle                         0x08001fcb   Thumb Code    16  i2c.o(i.I2C_WaitLineIdle)
    Init_USARTx                              0x08001fdd   Thumb Code    44  main.o(i.Init_USARTx)
    Print_Score                              0x08002011   Thumb Code    60  invaders.o(i.Print_Score)
    SysTick_Handler                          0x08002059   Thumb Code    12  systimer.o(i.SysTick_Handler)
    SysTick_Init                             0x08002069   Thumb Code   130  systimer.o(i.SysTick_Init)
    System_Clock_Init                        0x080020f5   Thumb Code   380  sysclock.o(i.System_Clock_Init)
    UART1_GPIO_Init                          0x08002279   Thumb Code     2  uart.o(i.UART1_GPIO_Init)
    UART1_Init                               0x0800227b   Thumb Code     2  uart.o(i.UART1_Init)
    UART2_GPIO_Init                          0x0800227d   Thumb Code   180  uart.o(i.UART2_GPIO_Init)
    UART2_Init                               0x08002335   Thumb Code    42  uart.o(i.UART2_Init)
    USART_Delay                              0x08002365   Thumb Code    20  uart.o(i.USART_Delay)
    USART_Init                               0x08002379   Thumb Code    64  uart.o(i.USART_Init)
    USART_Read                               0x080023b9   Thumb Code    20  uart.o(i.USART_Read)
    USART_Write                              0x080023cd   Thumb Code    64  uart.o(i.USART_Write)
    Write_High_Score                         0x0800240d   Thumb Code    90  invaders.o(i.Write_High_Score)
    Write_Score                              0x08002471   Thumb Code    56  invaders.o(i.Write_Score)
    delay                                    0x080024fd   Thumb Code    24  systimer.o(i.delay)
    fgetc                                    0x08002519   Thumb Code    16  uart_printf.o(i.fgetc)
    fputc                                    0x0800252d   Thumb Code    24  uart_printf.o(i.fputc)
    main                                     0x08002549   Thumb Code   166  main.o(i.main)
    _get_lc_ctype                            0x080025fd   Thumb Code    44  lc_ctype_c.o(locale$$code)
    _fp_init                                 0x08002629   Thumb Code    10  fpinit.o(x$fpl$fpinit)
    __fplib_config_fpu_vfp                   0x08002631   Thumb Code     0  fpinit.o(x$fpl$fpinit)
    __fplib_config_pureend_doubles           0x08002631   Thumb Code     0  fpinit.o(x$fpl$fpinit)
    Region$$Table$$Base                      0x08002634   Number         0  anon$$obj.o(Region$$Table)
    Region$$Table$$Limit                     0x08002654   Number         0  anon$$obj.o(Region$$Table)
    __ctype                                  0x08002661   Data           0  lc_ctype_c.o(locale$$data)
    Image$$ER_IROM1$$RO$$Limit               0x08002764   Number         0  anon$$obj.o ABSOLUTE
    Image$$ER_IROM1$$RW$$Base                0x08002764   Number         0  anon$$obj.o ABSOLUTE
    Image$$ER_IROM1$$RW$$Limit               0x08002764   Number         0  anon$$obj.o ABSOLUTE
    Image$$ER_IROM1$$ZI$$Base                0x08002764   Number         0  anon$$obj.o ABSOLUTE
    Image$$ER_IROM1$$ZI$$Limit               0x08002764   Number         0  anon$$obj.o ABSOLUTE
    Load$$RW_IRAM1$$Base                     0x08002764   Number         0  anon$$obj.o ABSOLUTE
    Image$$RW_IRAM1$$Base                    0x20000000   Number         0  anon$$obj.o ABSOLUTE
    Image$$RW_IRAM1$$RO$$Base                0x20000000   Number         0  anon$$obj.o ABSOLUTE
    Image$$RW_IRAM1$$RW$$Base                0x20000000   Number         0  anon$$obj.o ABSOLUTE
    count                                    0x20000000   Data           4  exti.o(.data)
    msTicks                                  0x20000004   Data           4  systimer.o(.data)
    __stdout                                 0x20000008   Data           4  uart_printf.o(.data)
    __stdin                                  0x2000000c   Data           4  uart_printf.o(.data)
    position                                 0x20000010   Data           4  invaders.o(.data)
    timer_count                              0x20000014   Data           4  invaders.o(.data)
    high_score                               0x20000018   Data           4  invaders.o(.data)
    score                                    0x2000001c   Data           4  invaders.o(.data)
    num_aliens                               0x20000020   Data           4  invaders.o(.data)
    drift                                    0x20000024   Data           4  invaders.o(.data)
    drift_direction                          0x20000028   Data           1  invaders.o(.data)
    game_status                              0x20000029   Data           1  invaders.o(.data)
    intials                                  0x2000002a   Data           3  invaders.o(.data)
    show_leaderboard                         0x2000002d   Data           1  invaders.o(.data)
    Image$$RW_IRAM1$$Limit                   0x20000030   Number         0  anon$$obj.o ABSOLUTE
    Image$$RW_IRAM1$$RW$$Limit               0x20000030   Number         0  anon$$obj.o ABSOLUTE
    Image$$RW_IRAM1$$ZI$$Base                0x20000030   Number         0  anon$$obj.o ABSOLUTE
    display                                  0x20000030   Data         612  invaders.o(.bss)
    aliens                                   0x20000294   Data         612  invaders.o(.bss)
    projectiles                              0x200004f8   Data         612  invaders.o(.bss)
    __libspace_start                         0x2000075c   Data          96  libspace.o(.bss)
    __temporary_stack_top$libspace           0x200007bc   Data           0  libspace.o(.bss)
    Image$$RW_IRAM1$$ZI$$Limit               0x20000dc0   Number         0  anon$$obj.o ABSOLUTE



==============================================================================

Memory Map of the image

  Image Entry point : 0x08000189

  Load Region LR_IROM1 (Base: 0x08000000, Size: 0x00002794, Max: 0x00100000, ABSOLUTE)

    Execution Region ER_IROM1 (Exec base: 0x08000000, Load base: 0x08000000, Size: 0x00002764, Max: 0x00100000, ABSOLUTE)

    Exec Addr    Load Addr    Size         Type   Attr      Idx    E Section Name        Object

    0x08000000   0x08000000   0x00000188   Data   RO          300    RESET               startup_stm32l476xx.o
    0x08000188   0x08000188   0x00000008   Code   RO          631  * !!!main             c_w.l(__main.o)
    0x08000190   0x08000190   0x00000034   Code   RO          831    !!!scatter          c_w.l(__scatter.o)
    0x080001c4   0x080001c4   0x0000001a   Code   RO          833    !!handler_copy      c_w.l(__scatter_copy.o)
    0x080001de   0x080001de   0x00000002   PAD
    0x080001e0   0x080001e0   0x0000001c   Code   RO          835    !!handler_zi        c_w.l(__scatter_zi.o)
    0x080001fc   0x080001fc   0x00000000   Code   RO          624    .ARM.Collect$$_printf_percent$$00000000  c_w.l(_printf_percent.o)
    0x080001fc   0x080001fc   0x00000006   Code   RO          623    .ARM.Collect$$_printf_percent$$00000009  c_w.l(_printf_d.o)
    0x08000202   0x08000202   0x00000006   Code   RO          622    .ARM.Collect$$_printf_percent$$00000013  c_w.l(_printf_c.o)
    0x08000208   0x08000208   0x00000004   Code   RO          640    .ARM.Collect$$_printf_percent$$00000017  c_w.l(_printf_percent_end.o)
    0x0800020c   0x0800020c   0x00000002   Code   RO          687    .ARM.Collect$$libinit$$00000000  c_w.l(libinit.o)
    0x0800020e   0x0800020e   0x00000004   Code   RO          695    .ARM.Collect$$libinit$$00000001  c_w.l(libinit2.o)
    0x08000212   0x08000212   0x00000000   Code   RO          698    .ARM.Collect$$libinit$$00000004  c_w.l(libinit2.o)
    0x08000212   0x08000212   0x00000000   Code   RO          701    .ARM.Collect$$libinit$$0000000A  c_w.l(libinit2.o)
    0x08000212   0x08000212   0x00000000   Code   RO          703    .ARM.Collect$$libinit$$0000000C  c_w.l(libinit2.o)
    0x08000212   0x08000212   0x00000000   Code   RO          705    .ARM.Collect$$libinit$$0000000E  c_w.l(libinit2.o)
    0x08000212   0x08000212   0x00000006   Code   RO          706    .ARM.Collect$$libinit$$0000000F  c_w.l(libinit2.o)
    0x08000218   0x08000218   0x00000000   Code   RO          708    .ARM.Collect$$libinit$$00000011  c_w.l(libinit2.o)
    0x08000218   0x08000218   0x0000000c   Code   RO          709    .ARM.Collect$$libinit$$00000012  c_w.l(libinit2.o)
    0x08000224   0x08000224   0x00000000   Code   RO          710    .ARM.Collect$$libinit$$00000013  c_w.l(libinit2.o)
    0x08000224   0x08000224   0x00000000   Code   RO          712    .ARM.Collect$$libinit$$00000015  c_w.l(libinit2.o)
    0x08000224   0x08000224   0x00000000   Code   RO          714    .ARM.Collect$$libinit$$00000017  c_w.l(libinit2.o)
    0x08000224   0x08000224   0x00000000   Code   RO          716    .ARM.Collect$$libinit$$00000019  c_w.l(libinit2.o)
    0x08000224   0x08000224   0x00000000   Code   RO          718    .ARM.Collect$$libinit$$0000001B  c_w.l(libinit2.o)
    0x08000224   0x08000224   0x00000000   Code   RO          720    .ARM.Collect$$libinit$$0000001D  c_w.l(libinit2.o)
    0x08000224   0x08000224   0x00000000   Code   RO          722    .ARM.Collect$$libinit$$0000001F  c_w.l(libinit2.o)
    0x08000224   0x08000224   0x00000000   Code   RO          724    .ARM.Collect$$libinit$$00000021  c_w.l(libinit2.o)
    0x08000224   0x08000224   0x00000000   Code   RO          726    .ARM.Collect$$libinit$$00000023  c_w.l(libinit2.o)
    0x08000224   0x08000224   0x00000000   Code   RO          728    .ARM.Collect$$libinit$$00000025  c_w.l(libinit2.o)
    0x08000224   0x08000224   0x00000000   Code   RO          732    .ARM.Collect$$libinit$$0000002C  c_w.l(libinit2.o)
    0x08000224   0x08000224   0x00000000   Code   RO          734    .ARM.Collect$$libinit$$0000002E  c_w.l(libinit2.o)
    0x08000224   0x08000224   0x00000000   Code   RO          736    .ARM.Collect$$libinit$$00000030  c_w.l(libinit2.o)
    0x08000224   0x08000224   0x00000000   Code   RO          738    .ARM.Collect$$libinit$$00000032  c_w.l(libinit2.o)
    0x08000224   0x08000224   0x00000002   Code   RO          739    .ARM.Collect$$libinit$$00000033  c_w.l(libinit2.o)
    0x08000226   0x08000226   0x00000002   Code   RO          769    .ARM.Collect$$libshutdown$$00000000  c_w.l(libshutdown.o)
    0x08000228   0x08000228   0x00000000   Code   RO          782    .ARM.Collect$$libshutdown$$00000002  c_w.l(libshutdown2.o)
    0x08000228   0x08000228   0x00000000   Code   RO          784    .ARM.Collect$$libshutdown$$00000004  c_w.l(libshutdown2.o)
    0x08000228   0x08000228   0x00000000   Code   RO          786    .ARM.Collect$$libshutdown$$00000006  c_w.l(libshutdown2.o)
    0x08000228   0x08000228   0x00000000   Code   RO          789    .ARM.Collect$$libshutdown$$00000009  c_w.l(libshutdown2.o)
    0x08000228   0x08000228   0x00000000   Code   RO          792    .ARM.Collect$$libshutdown$$0000000C  c_w.l(libshutdown2.o)
    0x08000228   0x08000228   0x00000000   Code   RO          794    .ARM.Collect$$libshutdown$$0000000E  c_w.l(libshutdown2.o)
    0x08000228   0x08000228   0x00000000   Code   RO          797    .ARM.Collect$$libshutdown$$00000011  c_w.l(libshutdown2.o)
    0x08000228   0x08000228   0x00000002   Code   RO          798    .ARM.Collect$$libshutdown$$00000012  c_w.l(libshutdown2.o)
    0x0800022a   0x0800022a   0x00000000   Code   RO          633    .ARM.Collect$$rtentry$$00000000  c_w.l(__rtentry.o)
    0x0800022a   0x0800022a   0x00000000   Code   RO          644    .ARM.Collect$$rtentry$$00000002  c_w.l(__rtentry2.o)
    0x0800022a   0x0800022a   0x00000006   Code   RO          656    .ARM.Collect$$rtentry$$00000004  c_w.l(__rtentry4.o)
    0x08000230   0x08000230   0x00000000   Code   RO          646    .ARM.Collect$$rtentry$$00000009  c_w.l(__rtentry2.o)
    0x08000230   0x08000230   0x00000004   Code   RO          647    .ARM.Collect$$rtentry$$0000000A  c_w.l(__rtentry2.o)
    0x08000234   0x08000234   0x00000000   Code   RO          649    .ARM.Collect$$rtentry$$0000000C  c_w.l(__rtentry2.o)
    0x08000234   0x08000234   0x00000008   Code   RO          650    .ARM.Collect$$rtentry$$0000000D  c_w.l(__rtentry2.o)
    0x0800023c   0x0800023c   0x00000002   Code   RO          691    .ARM.Collect$$rtexit$$00000000  c_w.l(rtexit.o)
    0x0800023e   0x0800023e   0x00000000   Code   RO          741    .ARM.Collect$$rtexit$$00000002  c_w.l(rtexit2.o)
    0x0800023e   0x0800023e   0x00000004   Code   RO          742    .ARM.Collect$$rtexit$$00000003  c_w.l(rtexit2.o)
    0x08000242   0x08000242   0x00000006   Code   RO          743    .ARM.Collect$$rtexit$$00000004  c_w.l(rtexit2.o)
    0x08000248   0x08000248   0x00000084   Code   RO          301    .text               startup_stm32l476xx.o
    0x080002cc   0x080002cc   0x00000018   Code   RO          594    .text               c_w.l(noretval__2printf.o)
    0x080002e4   0x080002e4   0x00000068   Code   RO          596    .text               c_w.l(__printf.o)
    0x0800034c   0x0800034c   0x00000052   Code   RO          598    .text               c_w.l(_printf_str.o)
    0x0800039e   0x0800039e   0x00000002   PAD
    0x080003a0   0x080003a0   0x00000078   Code   RO          600    .text               c_w.l(_printf_dec.o)
    0x08000418   0x08000418   0x00000020   Code   RO          625    .text               c_w.l(__0scanf.o)
    0x08000438   0x08000438   0x000000e6   Code   RO          627    .text               c_w.l(_scanf_str.o)
    0x0800051e   0x0800051e   0x00000006   Code   RO          629    .text               c_w.l(heapauxi.o)
    0x08000524   0x08000524   0x000000b2   Code   RO          634    .text               c_w.l(_printf_intcommon.o)
    0x080005d6   0x080005d6   0x0000002c   Code   RO          636    .text               c_w.l(_printf_char.o)
    0x08000602   0x08000602   0x00000002   PAD
    0x08000604   0x08000604   0x00000024   Code   RO          638    .text               c_w.l(_printf_char_file.o)
    0x08000628   0x08000628   0x00000018   Code   RO          641    .text               c_w.l(scanf_char_file.o)
    0x08000640   0x08000640   0x00000030   Code   RO          658    .text               c_w.l(_printf_char_common.o)
    0x08000670   0x08000670   0x0000002c   Code   RO          660    .text               c_w.l(scanf_char.o)
    0x0800069c   0x0800069c   0x00000048   Code   RO          662    .text               c_w.l(backspace.o)
    0x080006e4   0x080006e4   0x00000008   Code   RO          664    .text               c_w.l(ferror.o)
    0x080006ec   0x080006ec   0x0000004a   Code   RO          670    .text               c_w.l(sys_stackheap_outer.o)
    0x08000736   0x08000736   0x00000012   Code   RO          672    .text               c_w.l(isspace.o)
    0x08000748   0x08000748   0x0000037a   Code   RO          676    .text               c_w.l(_scanf.o)
    0x08000ac2   0x08000ac2   0x00000002   PAD
    0x08000ac4   0x08000ac4   0x00000048   Code   RO          678    .text               c_w.l(ungetc.o)
    0x08000b0c   0x08000b0c   0x00000012   Code   RO          680    .text               c_w.l(exit.o)
    0x08000b1e   0x08000b1e   0x00000002   PAD
    0x08000b20   0x08000b20   0x00000008   Code   RO          688    .text               c_w.l(libspace.o)
    0x08000b28   0x08000b28   0x00000010   Code   RO          693    .text               c_w.l(rt_ctype_table.o)
    0x08000b38   0x08000b38   0x00000008   Code   RO          750    .text               c_w.l(rt_locale_intlibspace.o)
    0x08000b40   0x08000b40   0x0000000c   Code   RO          759    .text               c_w.l(sys_exit.o)
    0x08000b4c   0x08000b4c   0x00000080   Code   RO          761    .text               c_w.l(strcmpv7m.o)
    0x08000bcc   0x08000bcc   0x00000002   Code   RO          772    .text               c_w.l(use_no_semi.o)
    0x08000bce   0x08000bce   0x00000000   Code   RO          774    .text               c_w.l(indicate_semi.o)
    0x08000bce   0x08000bce   0x00000002   PAD
    0x08000bd0   0x08000bd0   0x0000015c   Code   RO          478    i.Display_Scores    invaders.o
    0x08000d2c   0x08000d2c   0x0000003c   Code   RO            4    i.EXTI15_10_IRQHandler  exti.o
    0x08000d68   0x08000d68   0x00000070   Code   RO            5    i.EXTI9_5_IRQHandler  exti.o
    0x08000dd8   0x08000dd8   0x00000134   Code   RO            6    i.EXTI_Button_Init  exti.o
    0x08000f0c   0x08000f0c   0x00000094   Code   RO            7    i.EXTI_Init         exti.o
    0x08000fa0   0x08000fa0   0x00000138   Code   RO          479    i.Game_Init         invaders.o
    0x080010d8   0x080010d8   0x000002c0   Code   RO          480    i.Game_Input_Initials  invaders.o
    0x08001398   0x08001398   0x0000009c   Code   RO          481    i.Game_Over         invaders.o
    0x08001434   0x08001434   0x000000b4   Code   RO          482    i.Game_Print        invaders.o
    0x080014e8   0x080014e8   0x000000f4   Code   RO          483    i.Game_Show_Initials  invaders.o
    0x080015dc   0x080015dc   0x00000130   Code   RO          484    i.Game_Start_Menu   invaders.o
    0x0800170c   0x0800170c   0x00000260   Code   RO          485    i.Game_Update       invaders.o
    0x0800196c   0x0800196c   0x00000194   Code   RO          486    i.Game_Update_Projectiles  invaders.o
    0x08001b00   0x08001b00   0x00000022   Code   RO          487    i.Get_High_Score    invaders.o
    0x08001b22   0x08001b22   0x00000002   PAD
    0x08001b24   0x08001b24   0x000000d0   Code   RO          488    i.Get_Score         invaders.o
    0x08001bf4   0x08001bf4   0x000000d0   Code   RO          101    i.I2C_GPIO_Init     i2c.o
    0x08001cc4   0x08001cc4   0x00000158   Code   RO          102    i.I2C_Initialization  i2c.o
    0x08001e1c   0x08001e1c   0x0000007c   Code   RO          104    i.I2C_SendData      i2c.o
    0x08001e98   0x08001e98   0x000000de   Code   RO          105    i.I2C_SendReceiveData  i2c.o
    0x08001f76   0x08001f76   0x00000002   PAD
    0x08001f78   0x08001f78   0x0000003c   Code   RO          106    i.I2C_Start         i2c.o
    0x08001fb4   0x08001fb4   0x00000016   Code   RO          107    i.I2C_Stop          i2c.o
    0x08001fca   0x08001fca   0x00000010   Code   RO          108    i.I2C_WaitLineIdle  i2c.o
    0x08001fda   0x08001fda   0x00000002   PAD
    0x08001fdc   0x08001fdc   0x00000034   Code   RO          180    i.Init_USARTx       main.o
    0x08002010   0x08002010   0x00000048   Code   RO          489    i.Print_Score       invaders.o
    0x08002058   0x08002058   0x00000010   Code   RO          332    i.SysTick_Handler   systimer.o
    0x08002068   0x08002068   0x0000008c   Code   RO          333    i.SysTick_Init      systimer.o
    0x080020f4   0x080020f4   0x00000184   Code   RO          308    i.System_Clock_Init  sysclock.o
    0x08002278   0x08002278   0x00000002   Code   RO          375    i.UART1_GPIO_Init   uart.o
    0x0800227a   0x0800227a   0x00000002   Code   RO          376    i.UART1_Init        uart.o
    0x0800227c   0x0800227c   0x000000b8   Code   RO          377    i.UART2_GPIO_Init   uart.o
    0x08002334   0x08002334   0x00000030   Code   RO          378    i.UART2_Init        uart.o
    0x08002364   0x08002364   0x00000014   Code   RO          379    i.USART_Delay       uart.o
    0x08002378   0x08002378   0x00000040   Code   RO          380    i.USART_Init        uart.o
    0x080023b8   0x080023b8   0x00000014   Code   RO          381    i.USART_Read        uart.o
    0x080023cc   0x080023cc   0x00000040   Code   RO          382    i.USART_Write       uart.o
    0x0800240c   0x0800240c   0x00000064   Code   RO          491    i.Write_High_Score  invaders.o
    0x08002470   0x08002470   0x00000042   Code   RO          492    i.Write_Score       invaders.o
    0x080024b2   0x080024b2   0x00000022   Code   RO            8    i.__NVIC_EnableIRQ  exti.o
    0x080024d4   0x080024d4   0x00000028   Code   RO            9    i.__NVIC_SetPriority  exti.o
    0x080024fc   0x080024fc   0x0000001c   Code   RO          334    i.delay             systimer.o
    0x08002518   0x08002518   0x00000014   Code   RO          441    i.fgetc             uart_printf.o
    0x0800252c   0x0800252c   0x0000001c   Code   RO          442    i.fputc             uart_printf.o
    0x08002548   0x08002548   0x000000b4   Code   RO          181    i.main              main.o
    0x080025fc   0x080025fc   0x0000002c   Code   RO          753    locale$$code        c_w.l(lc_ctype_c.o)
    0x08002628   0x08002628   0x0000000a   Code   RO          757    x$fpl$fpinit        fz_wm.l(fpinit.o)
    0x08002632   0x08002632   0x00000002   PAD
    0x08002634   0x08002634   0x00000020   Data   RO          829    Region$$Table       anon$$obj.o
    0x08002654   0x08002654   0x00000110   Data   RO          752    locale$$data        c_w.l(lc_ctype_c.o)


    Execution Region RW_IRAM1 (Exec base: 0x20000000, Load base: 0x08002764, Size: 0x00000dc0, Max: 0x00018000, ABSOLUTE)

    Exec Addr    Load Addr    Size         Type   Attr      Idx    E Section Name        Object

    0x20000000   0x08002764   0x00000004   Data   RW           10    .data               exti.o
    0x20000004   0x08002768   0x00000004   Data   RW          335    .data               systimer.o
    0x20000008   0x0800276c   0x00000008   Data   RW          443    .data               uart_printf.o
    0x20000010   0x08002774   0x0000001e   Data   RW          494    .data               invaders.o
    0x2000002e   0x08002792   0x00000002   PAD
    0x20000030        -       0x0000072c   Zero   RW          493    .bss                invaders.o
    0x2000075c        -       0x00000060   Zero   RW          689    .bss                c_w.l(libspace.o)
    0x200007bc   0x08002792   0x00000004   PAD
    0x200007c0        -       0x00000200   Zero   RW          299    HEAP                startup_stm32l476xx.o
    0x200009c0        -       0x00000400   Zero   RW          298    STACK               startup_stm32l476xx.o


==============================================================================

Image component sizes


      Code (inc. data)   RO Data    RW Data    ZI Data      Debug   Object Name

       702         72          0          4          0     320447   exti.o
       996         24          0          0          0       4768   i2c.o
      3740        636          0         30       1836      13192   invaders.o
       232         22          0          0          0       1069   main.o
       132         42        392          0       1536        812   startup_stm32l476xx.o
       388          8          0          0          0        600   sysclock.o
       184         18          0          4          0      32078   systimer.o
       404         10          0          0          0       3948   uart.o
        48          8          0          8          0       2758   uart_printf.o

    ----------------------------------------------------------------------
      6832        840        424         48       3372     379672   Object Totals
         0          0         32          0          0          0   (incl. Generated)
         6          0          0          2          0          0   (incl. Padding)

    ----------------------------------------------------------------------

      Code (inc. data)   RO Data    RW Data    ZI Data      Debug   Library Member Name

        32          6          0          0          0         84   __0scanf.o
         8          0          0          0          0         68   __main.o
       104          0          0          0          0         84   __printf.o
         0          0          0          0          0          0   __rtentry.o
        12          0          0          0          0          0   __rtentry2.o
         6          0          0          0          0          0   __rtentry4.o
        52          8          0          0          0          0   __scatter.o
        26          0          0          0          0          0   __scatter_copy.o
        28          0          0          0          0          0   __scatter_zi.o
         6          0          0          0          0          0   _printf_c.o
        44          0          0          0          0        108   _printf_char.o
        48          6          0          0          0         96   _printf_char_common.o
        36          4          0          0          0         80   _printf_char_file.o
         6          0          0          0          0          0   _printf_d.o
       120         16          0          0          0         92   _printf_dec.o
       178          0          0          0          0         88   _printf_intcommon.o
         0          0          0          0          0          0   _printf_percent.o
         4          0          0          0          0          0   _printf_percent_end.o
        82          0          0          0          0         80   _printf_str.o
       890          4          0          0          0        100   _scanf.o
       230          0          0          0          0         96   _scanf_str.o
        72          0          0          0          0         92   backspace.o
        18          0          0          0          0         80   exit.o
         8          0          0          0          0         68   ferror.o
         6          0          0          0          0        152   heapauxi.o
         0          0          0          0          0          0   indicate_semi.o
        18          0          0          0          0         76   isspace.o
        44         10        272          0          0         76   lc_ctype_c.o
         2          0          0          0          0          0   libinit.o
        24          0          0          0          0          0   libinit2.o
         2          0          0          0          0          0   libshutdown.o
         2          0          0          0          0          0   libshutdown2.o
         8          4          0          0         96         68   libspace.o
        24          4          0          0          0         84   noretval__2printf.o
        16          4          0          0          0         76   rt_ctype_table.o
         8          4          0          0          0         68   rt_locale_intlibspace.o
         2          0          0          0          0          0   rtexit.o
        10          0          0          0          0          0   rtexit2.o
        44          8          0          0          0         84   scanf_char.o
        24          8          0          0          0         68   scanf_char_file.o
       128          0          0          0          0         68   strcmpv7m.o
        12          4          0          0          0         68   sys_exit.o
        74          0          0          0          0         80   sys_stackheap_outer.o
        72         12          0          0          0         68   ungetc.o
         2          0          0          0          0         68   use_no_semi.o
        10          0          0          0          0        116   fpinit.o

    ----------------------------------------------------------------------
      2556        102        272          0        100       2436   Library Totals
        14          0          0          0          4          0   (incl. Padding)

    ----------------------------------------------------------------------

      Code (inc. data)   RO Data    RW Data    ZI Data      Debug   Library Name

      2532        102        272          0         96       2320   c_w.l
        10          0          0          0          0        116   fz_wm.l

    ----------------------------------------------------------------------
      2556        102        272          0        100       2436   Library Totals

    ----------------------------------------------------------------------

==============================================================================


      Code (inc. data)   RO Data    RW Data    ZI Data      Debug   

      9388        942        696         48       3472     377060   Grand Totals
      9388        942        696         48       3472     377060   ELF Image Totals
      9388        942        696         48          0          0   ROM Totals

==============================================================================

    Total RO  Size (Code + RO Data)                10084 (   9.85kB)
    Total RW  Size (RW Data + ZI Data)              3520 (   3.44kB)
    Total ROM Size (Code + RO Data + RW Data)      10132 (   9.89kB)

==============================================================================

